stm32wbxx_ll_bus.h:539:22:LL_AHB2_GRP1_EnableClock	24	static
stm32wbxx_ll_bus.h:597:22:LL_AHB2_GRP1_DisableClock	16	static
stm32wbxx_ll_bus.h:939:22:LL_APB1_GRP1_EnableClock	24	static
stm32wbxx_ll_bus.h:1038:22:LL_APB1_GRP1_DisableClock	16	static
usbd_conf.c:72:6:HAL_PCD_MspInit	40	static
usbd_conf.c:109:6:HAL_PCD_MspDeInit	16	static
usbd_conf.c:143:6:HAL_PCD_SetupStageCallback	16	static
usbd_conf.c:164:6:HAL_PCD_DataOutStageCallback	16	static
usbd_conf.c:185:6:HAL_PCD_DataInStageCallback	16	static
usbd_conf.c:205:6:HAL_PCD_SOFCallback	16	static
usbd_conf.c:225:6:HAL_PCD_ResetCallback	24	static
usbd_conf.c:256:6:HAL_PCD_SuspendCallback	16	static
usbd_conf.c:286:6:HAL_PCD_ResumeCallback	16	static
usbd_conf.c:317:6:HAL_PCD_ISOOUTIncompleteCallback	16	static
usbd_conf.c:338:6:HAL_PCD_ISOINIncompleteCallback	16	static
usbd_conf.c:358:6:HAL_PCD_ConnectCallback	16	static
usbd_conf.c:378:6:HAL_PCD_DisconnectCallback	16	static
usbd_conf.c:403:20:USBD_LL_Init	16	static
usbd_conf.c:469:20:USBD_LL_DeInit	24	static
usbd_conf.c:486:20:USBD_LL_Start	24	static
usbd_conf.c:503:20:USBD_LL_Stop	24	static
usbd_conf.c:523:20:USBD_LL_OpenEP	24	static
usbd_conf.c:541:20:USBD_LL_CloseEP	24	static
usbd_conf.c:559:20:USBD_LL_FlushEP	24	static
usbd_conf.c:577:20:USBD_LL_StallEP	24	static
usbd_conf.c:595:20:USBD_LL_ClearStallEP	24	static
usbd_conf.c:613:9:USBD_LL_IsStallEP	24	static
usbd_conf.c:633:20:USBD_LL_SetUSBAddress	24	static
usbd_conf.c:653:20:USBD_LL_Transmit	32	static
usbd_conf.c:673:20:USBD_LL_PrepareReceive	32	static
usbd_conf.c:691:10:USBD_LL_GetRxDataSize	16	static
usbd_conf.c:701:6:USBD_LL_Delay	16	static
usbd_conf.c:711:7:USBD_static_malloc	16	static
usbd_conf.c:722:6:USBD_static_free	16	static
usbd_conf.c:733:13:SystemClockConfig_Resume	8	static
usbd_conf.c:745:20:USBD_Get_USB_Status	24	static
