Archive member included to satisfy reference by file (symbol)

d:/st/stm32cubeide_1.6.1/stm32cubeide/plugins/com.st.stm32cube.ide.mcu.externaltools.gnu-tools-for-stm32.9-2020-q2-update.win32_1.5.0.202011040924/tools/bin/../lib/gcc/arm-none-eabi/9.3.1/../../../../arm-none-eabi/lib/thumb/v7e-m+fp/hard\libc_nano.a(lib_a-errno.o)
                              Application/User/Core/syscalls.o (__errno)
d:/st/stm32cubeide_1.6.1/stm32cubeide/plugins/com.st.stm32cube.ide.mcu.externaltools.gnu-tools-for-stm32.9-2020-q2-update.win32_1.5.0.202011040924/tools/bin/../lib/gcc/arm-none-eabi/9.3.1/../../../../arm-none-eabi/lib/thumb/v7e-m+fp/hard\libc_nano.a(lib_a-exit.o)
                              d:/st/stm32cubeide_1.6.1/stm32cubeide/plugins/com.st.stm32cube.ide.mcu.externaltools.gnu-tools-for-stm32.9-2020-q2-update.win32_1.5.0.202011040924/tools/bin/../lib/gcc/arm-none-eabi/9.3.1/../../../../arm-none-eabi/lib/thumb/v7e-m+fp/hard/crt0.o (exit)
d:/st/stm32cubeide_1.6.1/stm32cubeide/plugins/com.st.stm32cube.ide.mcu.externaltools.gnu-tools-for-stm32.9-2020-q2-update.win32_1.5.0.202011040924/tools/bin/../lib/gcc/arm-none-eabi/9.3.1/../../../../arm-none-eabi/lib/thumb/v7e-m+fp/hard\libc_nano.a(lib_a-impure.o)
                              d:/st/stm32cubeide_1.6.1/stm32cubeide/plugins/com.st.stm32cube.ide.mcu.externaltools.gnu-tools-for-stm32.9-2020-q2-update.win32_1.5.0.202011040924/tools/bin/../lib/gcc/arm-none-eabi/9.3.1/../../../../arm-none-eabi/lib/thumb/v7e-m+fp/hard\libc_nano.a(lib_a-exit.o) (_global_impure_ptr)
d:/st/stm32cubeide_1.6.1/stm32cubeide/plugins/com.st.stm32cube.ide.mcu.externaltools.gnu-tools-for-stm32.9-2020-q2-update.win32_1.5.0.202011040924/tools/bin/../lib/gcc/arm-none-eabi/9.3.1/../../../../arm-none-eabi/lib/thumb/v7e-m+fp/hard\libc_nano.a(lib_a-init.o)
                              d:/st/stm32cubeide_1.6.1/stm32cubeide/plugins/com.st.stm32cube.ide.mcu.externaltools.gnu-tools-for-stm32.9-2020-q2-update.win32_1.5.0.202011040924/tools/bin/../lib/gcc/arm-none-eabi/9.3.1/../../../../arm-none-eabi/lib/thumb/v7e-m+fp/hard/crt0.o (__libc_init_array)
d:/st/stm32cubeide_1.6.1/stm32cubeide/plugins/com.st.stm32cube.ide.mcu.externaltools.gnu-tools-for-stm32.9-2020-q2-update.win32_1.5.0.202011040924/tools/bin/../lib/gcc/arm-none-eabi/9.3.1/../../../../arm-none-eabi/lib/thumb/v7e-m+fp/hard\libc_nano.a(lib_a-memset.o)
                              d:/st/stm32cubeide_1.6.1/stm32cubeide/plugins/com.st.stm32cube.ide.mcu.externaltools.gnu-tools-for-stm32.9-2020-q2-update.win32_1.5.0.202011040924/tools/bin/../lib/gcc/arm-none-eabi/9.3.1/../../../../arm-none-eabi/lib/thumb/v7e-m+fp/hard/crt0.o (memset)
d:/st/stm32cubeide_1.6.1/stm32cubeide/plugins/com.st.stm32cube.ide.mcu.externaltools.gnu-tools-for-stm32.9-2020-q2-update.win32_1.5.0.202011040924/tools/bin/../lib/gcc/arm-none-eabi/9.3.1/thumb/v7e-m+fp/hard\libgcc.a(_aeabi_uldivmod.o)
                              Drivers/STM32WBxx_HAL_Driver/stm32wbxx_hal_uart.o (__aeabi_uldivmod)
d:/st/stm32cubeide_1.6.1/stm32cubeide/plugins/com.st.stm32cube.ide.mcu.externaltools.gnu-tools-for-stm32.9-2020-q2-update.win32_1.5.0.202011040924/tools/bin/../lib/gcc/arm-none-eabi/9.3.1/thumb/v7e-m+fp/hard\libgcc.a(_udivmoddi4.o)
                              d:/st/stm32cubeide_1.6.1/stm32cubeide/plugins/com.st.stm32cube.ide.mcu.externaltools.gnu-tools-for-stm32.9-2020-q2-update.win32_1.5.0.202011040924/tools/bin/../lib/gcc/arm-none-eabi/9.3.1/thumb/v7e-m+fp/hard\libgcc.a(_aeabi_uldivmod.o) (__udivmoddi4)
d:/st/stm32cubeide_1.6.1/stm32cubeide/plugins/com.st.stm32cube.ide.mcu.externaltools.gnu-tools-for-stm32.9-2020-q2-update.win32_1.5.0.202011040924/tools/bin/../lib/gcc/arm-none-eabi/9.3.1/thumb/v7e-m+fp/hard\libgcc.a(_dvmd_tls.o)
                              d:/st/stm32cubeide_1.6.1/stm32cubeide/plugins/com.st.stm32cube.ide.mcu.externaltools.gnu-tools-for-stm32.9-2020-q2-update.win32_1.5.0.202011040924/tools/bin/../lib/gcc/arm-none-eabi/9.3.1/thumb/v7e-m+fp/hard\libgcc.a(_aeabi_uldivmod.o) (__aeabi_ldiv0)

Allocating common symbols
Common symbol       size              file

hUsbDeviceFS        0x2d0             Application/User/USB_Device/App/usb_device.o
BuffLength          0x4               Application/User/USB_Device/App/usbd_cdc_if.o
UartHandle          0x90              Application/User/USB_Device/App/usbd_cdc_if.o
uwTick              0x4               Drivers/STM32WBxx_HAL_Driver/stm32wbxx_hal.o
UserRxBufferFS      0x800             Application/User/USB_Device/App/usbd_cdc_if.o
HID_Buffer          0x4               Application/User/USB_Device/App/usb_device.o
UserTxBufferFS      0x800             Application/User/USB_Device/App/usbd_cdc_if.o
UserTxBufPtrOut     0x4               Application/User/USB_Device/App/usbd_cdc_if.o
uwPrescalerValue    0x4               Application/User/USB_Device/App/usbd_cdc_if.o
hpcd_USB_FS         0x2f4             Application/User/USB_Device/Target/usbd_conf.o
USBD_StrDesc        0x64              Application/User/USB_Device/App/usbd_desc.o
[...]
Memory Configuration

Name             Origin             Length             Attributes
FLASH            0x0000000008000000 0x0000000000080000 xr
RAM1             0x0000000020000008 0x000000000002fff8 xrw
RAM_SHARED       0x0000000020030000 0x0000000000002800 xrw
*default*        0x0000000000000000 0xffffffffffffffff

Linker script and memory map

LOAD d:/st/stm32cubeide_1.6.1/stm32cubeide/plugins/com.st.stm32cube.ide.mcu.externaltools.gnu-tools-for-stm32.9-2020-q2-update.win32_1.5.0.202011040924/tools/bin/../lib/gcc/arm-none-eabi/9.3.1/thumb/v7e-m+fp/hard/crti.o
LOAD d:/st/stm32cubeide_1.6.1/stm32cubeide/plugins/com.st.stm32cube.ide.mcu.externaltools.gnu-tools-for-stm32.9-2020-q2-update.win32_1.5.0.202011040924/tools/bin/../lib/gcc/arm-none-eabi/9.3.1/thumb/v7e-m+fp/hard/crtbegin.o
LOAD d:/st/stm32cubeide_1.6.1/stm32cubeide/plugins/com.st.stm32cube.ide.mcu.externaltools.gnu-tools-for-stm32.9-2020-q2-update.win32_1.5.0.202011040924/tools/bin/../lib/gcc/arm-none-eabi/9.3.1/../../../../arm-none-eabi/lib/thumb/v7e-m+fp/hard/crt0.o
LOAD Application/User/Core/main.o
LOAD Application/User/Core/stm32wbxx_hal_msp.o
LOAD Application/User/Core/stm32wbxx_it.o
LOAD Application/User/Core/syscalls.o
LOAD Application/User/Core/sysmem.o
LOAD Application/User/Startup/startup_stm32wb55rgvx.o
LOAD Application/User/USB_Device/App/usb_device.o
LOAD Application/User/USB_Device/App/usbd_cdc_if.o
LOAD Application/User/USB_Device/App/usbd_desc.o
LOAD Application/User/USB_Device/Target/usbd_conf.o
LOAD Drivers/BSP/P-NUCLEO-WB55-Nucleo/stm32wbxx_nucleo.o
LOAD Drivers/CMSIS/system_stm32wbxx.o
LOAD Drivers/STM32WBxx_HAL_Driver/stm32wbxx_hal.o
LOAD Drivers/STM32WBxx_HAL_Driver/stm32wbxx_hal_cortex.o
LOAD Drivers/STM32WBxx_HAL_Driver/stm32wbxx_hal_dma.o
LOAD Drivers/STM32WBxx_HAL_Driver/stm32wbxx_hal_dma_ex.o
LOAD Drivers/STM32WBxx_HAL_Driver/stm32wbxx_hal_exti.o
LOAD Drivers/STM32WBxx_HAL_Driver/stm32wbxx_hal_flash.o
LOAD Drivers/STM32WBxx_HAL_Driver/stm32wbxx_hal_flash_ex.o
LOAD Drivers/STM32WBxx_HAL_Driver/stm32wbxx_hal_gpio.o
LOAD Drivers/STM32WBxx_HAL_Driver/stm32wbxx_hal_hsem.o
LOAD Drivers/STM32WBxx_HAL_Driver/stm32wbxx_hal_pcd.o
LOAD Drivers/STM32WBxx_HAL_Driver/stm32wbxx_hal_pcd_ex.o
LOAD Drivers/STM32WBxx_HAL_Driver/stm32wbxx_hal_pwr.o
LOAD Drivers/STM32WBxx_HAL_Driver/stm32wbxx_hal_pwr_ex.o
LOAD Drivers/STM32WBxx_HAL_Driver/stm32wbxx_hal_rcc.o
LOAD Drivers/STM32WBxx_HAL_Driver/stm32wbxx_hal_rcc_ex.o
LOAD Drivers/STM32WBxx_HAL_Driver/stm32wbxx_hal_tim.o
LOAD Drivers/STM32WBxx_HAL_Driver/stm32wbxx_hal_tim_ex.o
LOAD Drivers/STM32WBxx_HAL_Driver/stm32wbxx_hal_uart.o
LOAD Drivers/STM32WBxx_HAL_Driver/stm32wbxx_hal_uart_ex.o
LOAD Drivers/STM32WBxx_HAL_Driver/stm32wbxx_ll_usb.o
LOAD Middlewares/USB_Device_Library/usbd_cdc.o
LOAD Middlewares/USB_Device_Library/usbd_core.o
LOAD Middlewares/USB_Device_Library/usbd_ctlreq.o
LOAD Middlewares/USB_Device_Library/usbd_ioreq.o
START GROUP
LOAD d:/st/stm32cubeide_1.6.1/stm32cubeide/plugins/com.st.stm32cube.ide.mcu.externaltools.gnu-tools-for-stm32.9-2020-q2-update.win32_1.5.0.202011040924/tools/bin/../lib/gcc/arm-none-eabi/9.3.1/../../../../arm-none-eabi/lib/thumb/v7e-m+fp/hard\libc_nano.a
LOAD d:/st/stm32cubeide_1.6.1/stm32cubeide/plugins/com.st.stm32cube.ide.mcu.externaltools.gnu-tools-for-stm32.9-2020-q2-update.win32_1.5.0.202011040924/tools/bin/../lib/gcc/arm-none-eabi/9.3.1/../../../../arm-none-eabi/lib/thumb/v7e-m+fp/hard\libm.a
END GROUP
START GROUP
LOAD d:/st/stm32cubeide_1.6.1/stm32cubeide/plugins/com.st.stm32cube.ide.mcu.externaltools.gnu-tools-for-stm32.9-2020-q2-update.win32_1.5.0.202011040924/tools/bin/../lib/gcc/arm-none-eabi/9.3.1/thumb/v7e-m+fp/hard\libgcc.a
LOAD d:/st/stm32cubeide_1.6.1/stm32cubeide/plugins/com.st.stm32cube.ide.mcu.externaltools.gnu-tools-for-stm32.9-2020-q2-update.win32_1.5.0.202011040924/tools/bin/../lib/gcc/arm-none-eabi/9.3.1/../../../../arm-none-eabi/lib/thumb/v7e-m+fp/hard\libc_nano.a
END GROUP
START GROUP
LOAD d:/st/stm32cubeide_1.6.1/stm32cubeide/plugins/com.st.stm32cube.ide.mcu.externaltools.gnu-tools-for-stm32.9-2020-q2-update.win32_1.5.0.202011040924/tools/bin/../lib/gcc/arm-none-eabi/9.3.1/thumb/v7e-m+fp/hard\libgcc.a
LOAD d:/st/stm32cubeide_1.6.1/stm32cubeide/plugins/com.st.stm32cube.ide.mcu.externaltools.gnu-tools-for-stm32.9-2020-q2-update.win32_1.5.0.202011040924/tools/bin/../lib/gcc/arm-none-eabi/9.3.1/../../../../arm-none-eabi/lib/thumb/v7e-m+fp/hard\libc_nano.a
LOAD d:/st/stm32cubeide_1.6.1/stm32cubeide/plugins/com.st.stm32cube.ide.mcu.externaltools.gnu-tools-for-stm32.9-2020-q2-update.win32_1.5.0.202011040924/tools/bin/../lib/gcc/arm-none-eabi/9.3.1/../../../../arm-none-eabi/lib/thumb/v7e-m+fp/hard\libnosys.a
END GROUP
START GROUP
LOAD d:/st/stm32cubeide_1.6.1/stm32cubeide/plugins/com.st.stm32cube.ide.mcu.externaltools.gnu-tools-for-stm32.9-2020-q2-update.win32_1.5.0.202011040924/tools/bin/../lib/gcc/arm-none-eabi/9.3.1/thumb/v7e-m+fp/hard\libgcc.a
LOAD d:/st/stm32cubeide_1.6.1/stm32cubeide/plugins/com.st.stm32cube.ide.mcu.externaltools.gnu-tools-for-stm32.9-2020-q2-update.win32_1.5.0.202011040924/tools/bin/../lib/gcc/arm-none-eabi/9.3.1/../../../../arm-none-eabi/lib/thumb/v7e-m+fp/hard\libc_nano.a
LOAD d:/st/stm32cubeide_1.6.1/stm32cubeide/plugins/com.st.stm32cube.ide.mcu.externaltools.gnu-tools-for-stm32.9-2020-q2-update.win32_1.5.0.202011040924/tools/bin/../lib/gcc/arm-none-eabi/9.3.1/../../../../arm-none-eabi/lib/thumb/v7e-m+fp/hard\libnosys.a
END GROUP
LOAD d:/st/stm32cubeide_1.6.1/stm32cubeide/plugins/com.st.stm32cube.ide.mcu.externaltools.gnu-tools-for-stm32.9-2020-q2-update.win32_1.5.0.202011040924/tools/bin/../lib/gcc/arm-none-eabi/9.3.1/thumb/v7e-m+fp/hard/crtend.o
LOAD d:/st/stm32cubeide_1.6.1/stm32cubeide/plugins/com.st.stm32cube.ide.mcu.externaltools.gnu-tools-for-stm32.9-2020-q2-update.win32_1.5.0.202011040924/tools/bin/../lib/gcc/arm-none-eabi/9.3.1/thumb/v7e-m+fp/hard/crtn.o
                0x0000000020030000                _estack = 0x20030000
                0x0000000000001000                _Min_Heap_Size = 0x1000
                0x0000000000001000                _Min_Stack_Size = 0x1000

.isr_vector     0x0000000008000000      0x13c
                0x0000000008000000                . = ALIGN (0x4)
 *(.isr_vector)
 .isr_vector    0x0000000008000000      0x13c Application/User/Startup/startup_stm32wb55rgvx.o
                0x0000000008000000                g_pfnVectors
                0x000000000800013c                . = ALIGN (0x4)

.text           0x000000000800013c     0xb338
                0x000000000800013c                . = ALIGN (0x4)
 *(.text)
 .text          0x000000000800013c       0x40 d:/st/stm32cubeide_1.6.1/stm32cubeide/plugins/com.st.stm32cube.ide.mcu.externaltools.gnu-tools-for-stm32.9-2020-q2-update.win32_1.5.0.202011040924/tools/bin/../lib/gcc/arm-none-eabi/9.3.1/thumb/v7e-m+fp/hard/crtbegin.o
 .text          0x000000000800017c       0x30 d:/st/stm32cubeide_1.6.1/stm32cubeide/plugins/com.st.stm32cube.ide.mcu.externaltools.gnu-tools-for-stm32.9-2020-q2-update.win32_1.5.0.202011040924/tools/bin/../lib/gcc/arm-none-eabi/9.3.1/thumb/v7e-m+fp/hard\libgcc.a(_aeabi_uldivmod.o)
                0x000000000800017c                __aeabi_uldivmod
 .text          0x00000000080001ac      0x2c4 d:/st/stm32cubeide_1.6.1/stm32cubeide/plugins/com.st.stm32cube.ide.mcu.externaltools.gnu-tools-for-stm32.9-2020-q2-update.win32_1.5.0.202011040924/tools/bin/../lib/gcc/arm-none-eabi/9.3.1/thumb/v7e-m+fp/hard\libgcc.a(_udivmoddi4.o)
                0x00000000080001ac                __udivmoddi4
 .text          0x0000000008000470        0x4 d:/st/stm32cubeide_1.6.1/stm32cubeide/plugins/com.st.stm32cube.ide.mcu.externaltools.gnu-tools-for-stm32.9-2020-q2-update.win32_1.5.0.202011040924/tools/bin/../lib/gcc/arm-none-eabi/9.3.1/thumb/v7e-m+fp/hard\libgcc.a(_dvmd_tls.o)
                0x0000000008000470                __aeabi_idiv0
                0x0000000008000470                __aeabi_ldiv0
 *(.text*)
 .text.LL_AHB2_GRP1_EnableClock
                0x0000000008000474       0x32 Application/User/Core/main.o
 .text.main     0x00000000080004a6       0x1c Application/User/Core/main.o
                0x00000000080004a6                main
 *fill*         0x00000000080004c2        0x2 
 .text.SystemClock_Config
                0x00000000080004c4       0xc8 Application/User/Core/main.o
                0x00000000080004c4                SystemClock_Config
 .text.MX_GPIO_Init
                0x000000000800058c        0xe Application/User/Core/main.o
 .text.Error_Handler
                0x000000000800059a        0xc Application/User/Core/main.o
                0x000000000800059a                Error_Handler
 .text.LL_AHB1_GRP1_EnableClock
                0x00000000080005a6       0x32 Application/User/Core/stm32wbxx_hal_msp.o
 .text.LL_AHB2_GRP1_EnableClock
                0x00000000080005d8       0x32 Application/User/Core/stm32wbxx_hal_msp.o
 .text.LL_APB1_GRP1_EnableClock
                0x000000000800060a       0x32 Application/User/Core/stm32wbxx_hal_msp.o
 .text.LL_APB2_GRP1_EnableClock
                0x000000000800063c       0x32 Application/User/Core/stm32wbxx_hal_msp.o
 .text.LL_APB2_GRP1_ForceReset
                0x000000000800066e       0x24 Application/User/Core/stm32wbxx_hal_msp.o
 .text.LL_APB2_GRP1_ReleaseReset
                0x0000000008000692       0x26 Application/User/Core/stm32wbxx_hal_msp.o
 .text.HAL_TIM_Base_MspInit
                0x00000000080006b8       0x26 Application/User/Core/stm32wbxx_hal_msp.o
                0x00000000080006b8                HAL_TIM_Base_MspInit
 *fill*         0x00000000080006de        0x2 
 .text.HAL_UART_MspInit
                0x00000000080006e0       0xd8 Application/User/Core/stm32wbxx_hal_msp.o
                0x00000000080006e0                HAL_UART_MspInit
 .text.HAL_UART_MspDeInit
                0x00000000080007b8       0x4c Application/User/Core/stm32wbxx_hal_msp.o
                0x00000000080007b8                HAL_UART_MspDeInit
 .text.HAL_MspInit
                0x0000000008000804        0xe Application/User/Core/stm32wbxx_hal_msp.o
                0x0000000008000804                HAL_MspInit
 .text.NMI_Handler
                0x0000000008000812        0x6 Application/User/Core/stm32wbxx_it.o
                0x0000000008000812                NMI_Handler
 .text.HardFault_Handler
                0x0000000008000818        0x6 Application/User/Core/stm32wbxx_it.o
                0x0000000008000818                HardFault_Handler
 .text.MemManage_Handler
                0x000000000800081e        0x6 Application/User/Core/stm32wbxx_it.o
                0x000000000800081e                MemManage_Handler
 .text.BusFault_Handler
                0x0000000008000824        0x6 Application/User/Core/stm32wbxx_it.o
                0x0000000008000824                BusFault_Handler
 .text.UsageFault_Handler
                0x000000000800082a        0x6 Application/User/Core/stm32wbxx_it.o
                0x000000000800082a                UsageFault_Handler
 .text.SVC_Handler
                0x0000000008000830        0xe Application/User/Core/stm32wbxx_it.o
                0x0000000008000830                SVC_Handler
 .text.DebugMon_Handler
                0x000000000800083e        0xe Application/User/Core/stm32wbxx_it.o
                0x000000000800083e                DebugMon_Handler
 .text.PendSV_Handler
                0x000000000800084c        0xe Application/User/Core/stm32wbxx_it.o
                0x000000000800084c                PendSV_Handler
 .text.SysTick_Handler
                0x000000000800085a        0xc Application/User/Core/stm32wbxx_it.o
                0x000000000800085a                SysTick_Handler
 *fill*         0x0000000008000866        0x2 
 .text.USB_LP_IRQHandler
                0x0000000008000868       0x14 Application/User/Core/stm32wbxx_it.o
                0x0000000008000868                USB_LP_IRQHandler
 .text.TIM2_IRQHandler
                0x000000000800087c       0x14 Application/User/Core/stm32wbxx_it.o
                0x000000000800087c                TIM2_IRQHandler
 .text.DMA1_Channel1_IRQHandler
                0x0000000008000890       0x18 Application/User/Core/stm32wbxx_it.o
                0x0000000008000890                DMA1_Channel1_IRQHandler
 .text.USART1_IRQHandler
                0x00000000080008a8       0x14 Application/User/Core/stm32wbxx_it.o
                0x00000000080008a8                USART1_IRQHandler
 .text.data_initializers
                0x00000000080008bc       0x18 Application/User/Startup/startup_stm32wb55rgvx.o
 .text.Reset_Handler
                0x00000000080008d4       0x54 Application/User/Startup/startup_stm32wb55rgvx.o
                0x00000000080008d4                Reset_Handler
 .text.Default_Handler
                0x0000000008000928        0x2 Application/User/Startup/startup_stm32wb55rgvx.o
                0x0000000008000928                RTC_Alarm_IRQHandler
                0x0000000008000928                EXTI2_IRQHandler
                0x0000000008000928                TIM1_CC_IRQHandler
                0x0000000008000928                TSC_IRQHandler
                0x0000000008000928                USB_HP_IRQHandler
                0x0000000008000928                EXTI3_IRQHandler
                0x0000000008000928                LPTIM2_IRQHandler
                0x0000000008000928                I2C3_ER_IRQHandler
                0x0000000008000928                EXTI0_IRQHandler
                0x0000000008000928                FPU_IRQHandler
                0x0000000008000928                TIM1_UP_TIM16_IRQHandler
                0x0000000008000928                AES1_IRQHandler
                0x0000000008000928                SPI1_IRQHandler
                0x0000000008000928                PWR_SOTF_BLEACT_802ACT_RFPHASE_IRQHandler
                0x0000000008000928                DMA2_Channel2_IRQHandler
                0x0000000008000928                DMA1_Channel4_IRQHandler
                0x0000000008000928                ADC1_IRQHandler
                0x0000000008000928                PKA_IRQHandler
                0x0000000008000928                DMA1_Channel7_IRQHandler
                0x0000000008000928                LCD_IRQHandler
                0x0000000008000928                IPCC_C1_TX_IRQHandler
                0x0000000008000928                DMA2_Channel1_IRQHandler
                0x0000000008000928                QUADSPI_IRQHandler
                0x0000000008000928                I2C1_EV_IRQHandler
                0x0000000008000928                DMAMUX1_OVR_IRQHandler
                0x0000000008000928                DMA1_Channel6_IRQHandler
                0x0000000008000928                DMA2_Channel4_IRQHandler
                0x0000000008000928                RCC_IRQHandler
                0x0000000008000928                Default_Handler
                0x0000000008000928                DMA2_Channel7_IRQHandler
                0x0000000008000928                EXTI15_10_IRQHandler
                0x0000000008000928                IPCC_C1_RX_IRQHandler
                0x0000000008000928                C2SEV_PWR_C2H_IRQHandler
                0x0000000008000928                AES2_IRQHandler
                0x0000000008000928                I2C3_EV_IRQHandler
                0x0000000008000928                EXTI9_5_IRQHandler
                0x0000000008000928                RTC_WKUP_IRQHandler
                0x0000000008000928                PVD_PVM_IRQHandler
                0x0000000008000928                SPI2_IRQHandler
                0x0000000008000928                DMA2_Channel5_IRQHandler
                0x0000000008000928                CRS_IRQHandler
                0x0000000008000928                DMA1_Channel5_IRQHandler
                0x0000000008000928                EXTI4_IRQHandler
                0x0000000008000928                RNG_IRQHandler
                0x0000000008000928                TIM1_TRG_COM_TIM17_IRQHandler
                0x0000000008000928                TAMP_STAMP_LSECSS_IRQHandler
                0x0000000008000928                DMA1_Channel3_IRQHandler
                0x0000000008000928                COMP_IRQHandler
                0x0000000008000928                HSEM_IRQHandler
                0x0000000008000928                WWDG_IRQHandler
                0x0000000008000928                LPUART1_IRQHandler
                0x0000000008000928                DMA2_Channel6_IRQHandler
                0x0000000008000928                TIM1_BRK_IRQHandler
                0x0000000008000928                EXTI1_IRQHandler
                0x0000000008000928                DMA1_Channel2_IRQHandler
                0x0000000008000928                FLASH_IRQHandler
                0x0000000008000928                I2C1_ER_IRQHandler
                0x0000000008000928                LPTIM1_IRQHandler
                0x0000000008000928                SAI1_IRQHandler
                0x0000000008000928                DMA2_Channel3_IRQHandler
 .text.LL_APB1_GRP1_EnableClock
                0x000000000800092a       0x32 Application/User/USB_Device/App/usb_device.o
 .text.USBD_Clock_Config
                0x000000000800095c       0x74 Application/User/USB_Device/App/usb_device.o
                0x000000000800095c                USBD_Clock_Config
 .text.MX_USB_Device_Init
                0x00000000080009d0       0x64 Application/User/USB_Device/App/usb_device.o
                0x00000000080009d0                MX_USB_Device_Init
 .text.CDC_Init_FS
                0x0000000008000a34       0x84 Application/User/USB_Device/App/usbd_cdc_if.o
 .text.CDC_DeInit_FS
                0x0000000008000ab8       0x20 Application/User/USB_Device/App/usbd_cdc_if.o
 .text.CDC_Control_FS
                0x0000000008000ad8      0x15c Application/User/USB_Device/App/usbd_cdc_if.o
 .text.CDC_Receive_FS
                0x0000000008000c34       0x28 Application/User/USB_Device/App/usbd_cdc_if.o
 .text.CDC_TransmitCplt_FS
                0x0000000008000c5c       0x22 Application/User/USB_Device/App/usbd_cdc_if.o
 *fill*         0x0000000008000c7e        0x2 
 .text.HAL_UART_TxCpltCallback
                0x0000000008000c80       0x1c Application/User/USB_Device/App/usbd_cdc_if.o
                0x0000000008000c80                HAL_UART_TxCpltCallback
 .text.ComPort_Config
                0x0000000008000c9c      0x100 Application/User/USB_Device/App/usbd_cdc_if.o
 .text.TIM_Config
                0x0000000008000d9c       0x7c Application/User/USB_Device/App/usbd_cdc_if.o
                0x0000000008000d9c                TIM_Config
 .text.HAL_UART_ErrorCallback
                0x0000000008000e18       0x14 Application/User/USB_Device/App/usbd_cdc_if.o
                0x0000000008000e18                HAL_UART_ErrorCallback
 .text.HAL_TIM_PeriodElapsedCallback
                0x0000000008000e2c       0x90 Application/User/USB_Device/App/usbd_cdc_if.o
                0x0000000008000e2c                HAL_TIM_PeriodElapsedCallback
 .text.HAL_UART_RxCpltCallback
                0x0000000008000ebc       0x44 Application/User/USB_Device/App/usbd_cdc_if.o
                0x0000000008000ebc                HAL_UART_RxCpltCallback
 .text.USBD_CDC_DeviceDescriptor
                0x0000000008000f00       0x24 Application/User/USB_Device/App/usbd_desc.o
                0x0000000008000f00                USBD_CDC_DeviceDescriptor
 .text.USBD_CDC_LangIDStrDescriptor
                0x0000000008000f24       0x24 Application/User/USB_Device/App/usbd_desc.o
                0x0000000008000f24                USBD_CDC_LangIDStrDescriptor
 .text.USBD_CDC_ProductStrDescriptor
                0x0000000008000f48       0x3c Application/User/USB_Device/App/usbd_desc.o
                0x0000000008000f48                USBD_CDC_ProductStrDescriptor
 .text.USBD_CDC_ManufacturerStrDescriptor
                0x0000000008000f84       0x28 Application/User/USB_Device/App/usbd_desc.o
                0x0000000008000f84                USBD_CDC_ManufacturerStrDescriptor
 .text.USBD_CDC_SerialStrDescriptor
                0x0000000008000fac       0x24 Application/User/USB_Device/App/usbd_desc.o
                0x0000000008000fac                USBD_CDC_SerialStrDescriptor
 .text.USBD_CDC_ConfigStrDescriptor
                0x0000000008000fd0       0x3c Application/User/USB_Device/App/usbd_desc.o
                0x0000000008000fd0                USBD_CDC_ConfigStrDescriptor
 .text.USBD_CDC_InterfaceStrDescriptor
                0x000000000800100c       0x3c Application/User/USB_Device/App/usbd_desc.o
                0x000000000800100c                USBD_CDC_InterfaceStrDescriptor
 .text.Get_SerialNum
                0x0000000008001048       0x58 Application/User/USB_Device/App/usbd_desc.o
 .text.IntToUnicode
                0x00000000080010a0       0x7e Application/User/USB_Device/App/usbd_desc.o
 .text.LL_AHB2_GRP1_EnableClock
                0x000000000800111e       0x32 Application/User/USB_Device/Target/usbd_conf.o
 .text.LL_APB1_GRP1_EnableClock
                0x0000000008001150       0x32 Application/User/USB_Device/Target/usbd_conf.o
 *fill*         0x0000000008001182        0x2 
 .text.HAL_PCD_MspInit
                0x0000000008001184       0x70 Application/User/USB_Device/Target/usbd_conf.o
                0x0000000008001184                HAL_PCD_MspInit
 .text.HAL_PCD_SetupStageCallback
                0x00000000080011f4       0x24 Application/User/USB_Device/Target/usbd_conf.o
                0x00000000080011f4                HAL_PCD_SetupStageCallback
 .text.HAL_PCD_DataOutStageCallback
                0x0000000008001218       0x36 Application/User/USB_Device/Target/usbd_conf.o
                0x0000000008001218                HAL_PCD_DataOutStageCallback
 .text.HAL_PCD_DataInStageCallback
                0x000000000800124e       0x34 Application/User/USB_Device/Target/usbd_conf.o
                0x000000000800124e                HAL_PCD_DataInStageCallback
 .text.HAL_PCD_SOFCallback
                0x0000000008001282       0x1c Application/User/USB_Device/Target/usbd_conf.o
                0x0000000008001282                HAL_PCD_SOFCallback
 .text.HAL_PCD_ResetCallback
                0x000000000800129e       0x3c Application/User/USB_Device/Target/usbd_conf.o
                0x000000000800129e                HAL_PCD_ResetCallback
 *fill*         0x00000000080012da        0x2 
 .text.HAL_PCD_SuspendCallback
                0x00000000080012dc       0x34 Application/User/USB_Device/Target/usbd_conf.o
                0x00000000080012dc                HAL_PCD_SuspendCallback
 .text.HAL_PCD_ResumeCallback
                0x0000000008001310       0x38 Application/User/USB_Device/Target/usbd_conf.o
                0x0000000008001310                HAL_PCD_ResumeCallback
 .text.USBD_LL_Init
                0x0000000008001348       0xac Application/User/USB_Device/Target/usbd_conf.o
                0x0000000008001348                USBD_LL_Init
 .text.USBD_LL_Start
                0x00000000080013f4       0x36 Application/User/USB_Device/Target/usbd_conf.o
                0x00000000080013f4                USBD_LL_Start
 .text.USBD_LL_OpenEP
                0x000000000800142a       0x4c Application/User/USB_Device/Target/usbd_conf.o
                0x000000000800142a                USBD_LL_OpenEP
 .text.USBD_LL_CloseEP
                0x0000000008001476       0x3e Application/User/USB_Device/Target/usbd_conf.o
                0x0000000008001476                USBD_LL_CloseEP
 .text.USBD_LL_StallEP
                0x00000000080014b4       0x3e Application/User/USB_Device/Target/usbd_conf.o
                0x00000000080014b4                USBD_LL_StallEP
 .text.USBD_LL_ClearStallEP
                0x00000000080014f2       0x3e Application/User/USB_Device/Target/usbd_conf.o
                0x00000000080014f2                USBD_LL_ClearStallEP
 .text.USBD_LL_IsStallEP
                0x0000000008001530       0x5a Application/User/USB_Device/Target/usbd_conf.o
                0x0000000008001530                USBD_LL_IsStallEP
 .text.USBD_LL_SetUSBAddress
                0x000000000800158a       0x3e Application/User/USB_Device/Target/usbd_conf.o
                0x000000000800158a                USBD_LL_SetUSBAddress
 .text.USBD_LL_Transmit
                0x00000000080015c8       0x42 Application/User/USB_Device/Target/usbd_conf.o
                0x00000000080015c8                USBD_LL_Transmit
 .text.USBD_LL_PrepareReceive
                0x000000000800160a       0x42 Application/User/USB_Device/Target/usbd_conf.o
                0x000000000800160a                USBD_LL_PrepareReceive
 .text.USBD_LL_GetRxDataSize
                0x000000000800164c       0x26 Application/User/USB_Device/Target/usbd_conf.o
                0x000000000800164c                USBD_LL_GetRxDataSize
 *fill*         0x0000000008001672        0x2 
 .text.USBD_static_malloc
                0x0000000008001674       0x1c Application/User/USB_Device/Target/usbd_conf.o
                0x0000000008001674                USBD_static_malloc
 .text.USBD_static_free
                0x0000000008001690       0x14 Application/User/USB_Device/Target/usbd_conf.o
                0x0000000008001690                USBD_static_free
 .text.SystemClockConfig_Resume
                0x00000000080016a4       0x10 Application/User/USB_Device/Target/usbd_conf.o
 .text.USBD_Get_USB_Status
                0x00000000080016b4       0x58 Application/User/USB_Device/Target/usbd_conf.o
 .text.LL_AHB2_GRP1_EnableClock
                0x000000000800170c       0x32 Drivers/BSP/P-NUCLEO-WB55-Nucleo/stm32wbxx_nucleo.o
 *fill*         0x000000000800173e        0x2 
 .text.BSP_LED_Init
                0x0000000008001740       0x74 Drivers/BSP/P-NUCLEO-WB55-Nucleo/stm32wbxx_nucleo.o
                0x0000000008001740                BSP_LED_Init
 .text.BSP_LED_On
                0x00000000080017b4       0x34 Drivers/BSP/P-NUCLEO-WB55-Nucleo/stm32wbxx_nucleo.o
                0x00000000080017b4                BSP_LED_On
 .text.SystemInit
                0x00000000080017e8       0x28 Drivers/CMSIS/system_stm32wbxx.o
                0x00000000080017e8                SystemInit
 .text.HAL_Init
                0x0000000008001810       0x40 Drivers/STM32WBxx_HAL_Driver/stm32wbxx_hal.o
                0x0000000008001810                HAL_Init
 .text.HAL_InitTick
                0x0000000008001850       0x74 Drivers/STM32WBxx_HAL_Driver/stm32wbxx_hal.o
                0x0000000008001850                HAL_InitTick
 .text.HAL_IncTick
                0x00000000080018c4       0x28 Drivers/STM32WBxx_HAL_Driver/stm32wbxx_hal.o
                0x00000000080018c4                HAL_IncTick
 .text.HAL_GetTick
                0x00000000080018ec       0x18 Drivers/STM32WBxx_HAL_Driver/stm32wbxx_hal.o
                0x00000000080018ec                HAL_GetTick
 .text.HAL_GetTickPrio
                0x0000000008001904       0x18 Drivers/STM32WBxx_HAL_Driver/stm32wbxx_hal.o
                0x0000000008001904                HAL_GetTickPrio
 .text.__NVIC_SetPriorityGrouping
                0x000000000800191c       0x48 Drivers/STM32WBxx_HAL_Driver/stm32wbxx_hal_cortex.o
 .text.__NVIC_GetPriorityGrouping
                0x0000000008001964       0x1c Drivers/STM32WBxx_HAL_Driver/stm32wbxx_hal_cortex.o
 .text.__NVIC_EnableIRQ
                0x0000000008001980       0x3c Drivers/STM32WBxx_HAL_Driver/stm32wbxx_hal_cortex.o
 .text.__NVIC_DisableIRQ
                0x00000000080019bc       0x48 Drivers/STM32WBxx_HAL_Driver/stm32wbxx_hal_cortex.o
 .text.__NVIC_SetPriority
                0x0000000008001a04       0x54 Drivers/STM32WBxx_HAL_Driver/stm32wbxx_hal_cortex.o
 .text.NVIC_EncodePriority
                0x0000000008001a58       0x66 Drivers/STM32WBxx_HAL_Driver/stm32wbxx_hal_cortex.o
 *fill*         0x0000000008001abe        0x2 
 .text.SysTick_Config
                0x0000000008001ac0       0x44 Drivers/STM32WBxx_HAL_Driver/stm32wbxx_hal_cortex.o
 .text.HAL_NVIC_SetPriorityGrouping
                0x0000000008001b04       0x16 Drivers/STM32WBxx_HAL_Driver/stm32wbxx_hal_cortex.o
                0x0000000008001b04                HAL_NVIC_SetPriorityGrouping
 .text.HAL_NVIC_SetPriority
                0x0000000008001b1a       0x34 Drivers/STM32WBxx_HAL_Driver/stm32wbxx_hal_cortex.o
                0x0000000008001b1a                HAL_NVIC_SetPriority
 .text.HAL_NVIC_EnableIRQ
                0x0000000008001b4e       0x1c Drivers/STM32WBxx_HAL_Driver/stm32wbxx_hal_cortex.o
                0x0000000008001b4e                HAL_NVIC_EnableIRQ
 .text.HAL_NVIC_DisableIRQ
                0x0000000008001b6a       0x1c Drivers/STM32WBxx_HAL_Driver/stm32wbxx_hal_cortex.o
                0x0000000008001b6a                HAL_NVIC_DisableIRQ
 .text.HAL_SYSTICK_Config
                0x0000000008001b86       0x18 Drivers/STM32WBxx_HAL_Driver/stm32wbxx_hal_cortex.o
                0x0000000008001b86                HAL_SYSTICK_Config
 *fill*         0x0000000008001b9e        0x2 
 .text.HAL_DMA_Init
                0x0000000008001ba0      0x150 Drivers/STM32WBxx_HAL_Driver/stm32wbxx_hal_dma.o
                0x0000000008001ba0                HAL_DMA_Init
 .text.HAL_DMA_DeInit
                0x0000000008001cf0      0x12c Drivers/STM32WBxx_HAL_Driver/stm32wbxx_hal_dma.o
                0x0000000008001cf0                HAL_DMA_DeInit
 .text.HAL_DMA_Start_IT
                0x0000000008001e1c       0xf6 Drivers/STM32WBxx_HAL_Driver/stm32wbxx_hal_dma.o
                0x0000000008001e1c                HAL_DMA_Start_IT
 .text.HAL_DMA_Abort
                0x0000000008001f12       0xbe Drivers/STM32WBxx_HAL_Driver/stm32wbxx_hal_dma.o
                0x0000000008001f12                HAL_DMA_Abort
 .text.HAL_DMA_Abort_IT
                0x0000000008001fd0       0xbe Drivers/STM32WBxx_HAL_Driver/stm32wbxx_hal_dma.o
                0x0000000008001fd0                HAL_DMA_Abort_IT
 .text.HAL_DMA_IRQHandler
                0x000000000800208e      0x15e Drivers/STM32WBxx_HAL_Driver/stm32wbxx_hal_dma.o
                0x000000000800208e                HAL_DMA_IRQHandler
 .text.DMA_SetConfig
                0x00000000080021ec       0x7c Drivers/STM32WBxx_HAL_Driver/stm32wbxx_hal_dma.o
 .text.DMA_CalcDMAMUXChannelBaseAndMask
                0x0000000008002268       0x7c Drivers/STM32WBxx_HAL_Driver/stm32wbxx_hal_dma.o
 .text.DMA_CalcDMAMUXRequestGenBaseAndMask
                0x00000000080022e4       0x4c Drivers/STM32WBxx_HAL_Driver/stm32wbxx_hal_dma.o
 .text.HAL_GPIO_Init
                0x0000000008002330      0x2e0 Drivers/STM32WBxx_HAL_Driver/stm32wbxx_hal_gpio.o
                0x0000000008002330                HAL_GPIO_Init
 .text.HAL_GPIO_DeInit
                0x0000000008002610      0x1bc Drivers/STM32WBxx_HAL_Driver/stm32wbxx_hal_gpio.o
                0x0000000008002610                HAL_GPIO_DeInit
 .text.HAL_GPIO_WritePin
                0x00000000080027cc       0x30 Drivers/STM32WBxx_HAL_Driver/stm32wbxx_hal_gpio.o
                0x00000000080027cc                HAL_GPIO_WritePin
 .text.HAL_PCD_Init
                0x00000000080027fc      0x1ca Drivers/STM32WBxx_HAL_Driver/stm32wbxx_hal_pcd.o
                0x00000000080027fc                HAL_PCD_Init
 .text.HAL_PCD_Start
                0x00000000080029c6       0x44 Drivers/STM32WBxx_HAL_Driver/stm32wbxx_hal_pcd.o
                0x00000000080029c6                HAL_PCD_Start
 .text.HAL_PCD_IRQHandler
                0x0000000008002a0a      0x24e Drivers/STM32WBxx_HAL_Driver/stm32wbxx_hal_pcd.o
                0x0000000008002a0a                HAL_PCD_IRQHandler
 .text.HAL_PCD_SetAddress
                0x0000000008002c58       0x4a Drivers/STM32WBxx_HAL_Driver/stm32wbxx_hal_pcd.o
                0x0000000008002c58                HAL_PCD_SetAddress
 .text.HAL_PCD_EP_Open
                0x0000000008002ca2       0xcc Drivers/STM32WBxx_HAL_Driver/stm32wbxx_hal_pcd.o
                0x0000000008002ca2                HAL_PCD_EP_Open
 .text.HAL_PCD_EP_Close
                0x0000000008002d6e       0x90 Drivers/STM32WBxx_HAL_Driver/stm32wbxx_hal_pcd.o
                0x0000000008002d6e                HAL_PCD_EP_Close
 .text.HAL_PCD_EP_Receive
                0x0000000008002dfe       0x7a Drivers/STM32WBxx_HAL_Driver/stm32wbxx_hal_pcd.o
                0x0000000008002dfe                HAL_PCD_EP_Receive
 .text.HAL_PCD_EP_GetRxCount
                0x0000000008002e78       0x30 Drivers/STM32WBxx_HAL_Driver/stm32wbxx_hal_pcd.o
                0x0000000008002e78                HAL_PCD_EP_GetRxCount
 .text.HAL_PCD_EP_Transmit
                0x0000000008002ea8       0x86 Drivers/STM32WBxx_HAL_Driver/stm32wbxx_hal_pcd.o
                0x0000000008002ea8                HAL_PCD_EP_Transmit
 .text.HAL_PCD_EP_SetStall
                0x0000000008002f2e       0xa4 Drivers/STM32WBxx_HAL_Driver/stm32wbxx_hal_pcd.o
                0x0000000008002f2e                HAL_PCD_EP_SetStall
 .text.HAL_PCD_EP_ClrStall
                0x0000000008002fd2       0xa8 Drivers/STM32WBxx_HAL_Driver/stm32wbxx_hal_pcd.o
                0x0000000008002fd2                HAL_PCD_EP_ClrStall
 .text.PCD_EP_ISR_Handler
                0x000000000800307a      0x760 Drivers/STM32WBxx_HAL_Driver/stm32wbxx_hal_pcd.o
 .text.HAL_PCD_EP_DB_Receive
                0x00000000080037da      0x212 Drivers/STM32WBxx_HAL_Driver/stm32wbxx_hal_pcd.o
 .text.HAL_PCD_EP_DB_Transmit
                0x00000000080039ec      0x79c Drivers/STM32WBxx_HAL_Driver/stm32wbxx_hal_pcd.o
 .text.HAL_PCDEx_PMAConfig
                0x0000000008004188       0x86 Drivers/STM32WBxx_HAL_Driver/stm32wbxx_hal_pcd_ex.o
                0x0000000008004188                HAL_PCDEx_PMAConfig
 .text.HAL_PCDEx_ActivateLPM
                0x000000000800420e       0x54 Drivers/STM32WBxx_HAL_Driver/stm32wbxx_hal_pcd_ex.o
                0x000000000800420e                HAL_PCDEx_ActivateLPM
 .text.HAL_PCDEx_LPM_Callback
                0x0000000008004262       0x18 Drivers/STM32WBxx_HAL_Driver/stm32wbxx_hal_pcd_ex.o
                0x0000000008004262                HAL_PCDEx_LPM_Callback
 *fill*         0x000000000800427a        0x2 
 .text.HAL_PWR_EnableBkUpAccess
                0x000000000800427c       0x20 Drivers/STM32WBxx_HAL_Driver/stm32wbxx_hal_pwr.o
                0x000000000800427c                HAL_PWR_EnableBkUpAccess
 .text.HAL_PWREx_GetVoltageRange
                0x000000000800429c       0x1c Drivers/STM32WBxx_HAL_Driver/stm32wbxx_hal_pwr_ex.o
                0x000000000800429c                HAL_PWREx_GetVoltageRange
 .text.HAL_PWREx_EnableVddUSB
                0x00000000080042b8       0x20 Drivers/STM32WBxx_HAL_Driver/stm32wbxx_hal_pwr_ex.o
                0x00000000080042b8                HAL_PWREx_EnableVddUSB
 .text.LL_RCC_HSE_IsEnabledDiv2
                0x00000000080042d8       0x24 Drivers/STM32WBxx_HAL_Driver/stm32wbxx_hal_rcc.o
 .text.LL_RCC_HSE_Enable
                0x00000000080042fc       0x1e Drivers/STM32WBxx_HAL_Driver/stm32wbxx_hal_rcc.o
 .text.LL_RCC_HSE_Disable
                0x000000000800431a       0x1e Drivers/STM32WBxx_HAL_Driver/stm32wbxx_hal_rcc.o
 .text.LL_RCC_HSE_IsReady
                0x0000000008004338       0x24 Drivers/STM32WBxx_HAL_Driver/stm32wbxx_hal_rcc.o
 .text.LL_RCC_HSI_Enable
                0x000000000800435c       0x1e Drivers/STM32WBxx_HAL_Driver/stm32wbxx_hal_rcc.o
 .text.LL_RCC_HSI_Disable
                0x000000000800437a       0x1e Drivers/STM32WBxx_HAL_Driver/stm32wbxx_hal_rcc.o
 .text.LL_RCC_HSI_IsReady
                0x0000000008004398       0x24 Drivers/STM32WBxx_HAL_Driver/stm32wbxx_hal_rcc.o
 .text.LL_RCC_HSI_SetCalibTrimming
                0x00000000080043bc       0x2a Drivers/STM32WBxx_HAL_Driver/stm32wbxx_hal_rcc.o
 .text.LL_RCC_HSI48_Enable
                0x00000000080043e6       0x22 Drivers/STM32WBxx_HAL_Driver/stm32wbxx_hal_rcc.o
 .text.LL_RCC_HSI48_Disable
                0x0000000008004408       0x22 Drivers/STM32WBxx_HAL_Driver/stm32wbxx_hal_rcc.o
 .text.LL_RCC_HSI48_IsReady
                0x000000000800442a       0x24 Drivers/STM32WBxx_HAL_Driver/stm32wbxx_hal_rcc.o
 .text.LL_RCC_LSE_Enable
                0x000000000800444e       0x22 Drivers/STM32WBxx_HAL_Driver/stm32wbxx_hal_rcc.o
 .text.LL_RCC_LSE_Disable
                0x0000000008004470       0x22 Drivers/STM32WBxx_HAL_Driver/stm32wbxx_hal_rcc.o
 .text.LL_RCC_LSE_EnableBypass
                0x0000000008004492       0x22 Drivers/STM32WBxx_HAL_Driver/stm32wbxx_hal_rcc.o
 .text.LL_RCC_LSE_DisableBypass
                0x00000000080044b4       0x22 Drivers/STM32WBxx_HAL_Driver/stm32wbxx_hal_rcc.o
 .text.LL_RCC_LSE_IsReady
                0x00000000080044d6       0x24 Drivers/STM32WBxx_HAL_Driver/stm32wbxx_hal_rcc.o
 .text.LL_RCC_LSI1_Enable
                0x00000000080044fa       0x22 Drivers/STM32WBxx_HAL_Driver/stm32wbxx_hal_rcc.o
 .text.LL_RCC_LSI1_Disable
                0x000000000800451c       0x22 Drivers/STM32WBxx_HAL_Driver/stm32wbxx_hal_rcc.o
 .text.LL_RCC_LSI1_IsReady
                0x000000000800453e       0x24 Drivers/STM32WBxx_HAL_Driver/stm32wbxx_hal_rcc.o
 .text.LL_RCC_LSI2_Enable
                0x0000000008004562       0x22 Drivers/STM32WBxx_HAL_Driver/stm32wbxx_hal_rcc.o
 .text.LL_RCC_LSI2_Disable
                0x0000000008004584       0x22 Drivers/STM32WBxx_HAL_Driver/stm32wbxx_hal_rcc.o
 .text.LL_RCC_LSI2_IsReady
                0x00000000080045a6       0x24 Drivers/STM32WBxx_HAL_Driver/stm32wbxx_hal_rcc.o
 .text.LL_RCC_LSI2_SetTrimming
                0x00000000080045ca       0x2e Drivers/STM32WBxx_HAL_Driver/stm32wbxx_hal_rcc.o
 .text.LL_RCC_MSI_Enable
                0x00000000080045f8       0x1e Drivers/STM32WBxx_HAL_Driver/stm32wbxx_hal_rcc.o
 .text.LL_RCC_MSI_Disable
                0x0000000008004616       0x1e Drivers/STM32WBxx_HAL_Driver/stm32wbxx_hal_rcc.o
 .text.LL_RCC_MSI_IsReady
                0x0000000008004634       0x22 Drivers/STM32WBxx_HAL_Driver/stm32wbxx_hal_rcc.o
 .text.LL_RCC_MSI_SetRange
                0x0000000008004656       0x28 Drivers/STM32WBxx_HAL_Driver/stm32wbxx_hal_rcc.o
 .text.LL_RCC_MSI_GetRange
                0x000000000800467e       0x2a Drivers/STM32WBxx_HAL_Driver/stm32wbxx_hal_rcc.o
 .text.LL_RCC_MSI_SetCalibTrimming
                0x00000000080046a8       0x2a Drivers/STM32WBxx_HAL_Driver/stm32wbxx_hal_rcc.o
 .text.LL_RCC_SetSysClkSource
                0x00000000080046d2       0x28 Drivers/STM32WBxx_HAL_Driver/stm32wbxx_hal_rcc.o
 .text.LL_RCC_GetSysClkSource
                0x00000000080046fa       0x18 Drivers/STM32WBxx_HAL_Driver/stm32wbxx_hal_rcc.o
 .text.LL_RCC_SetAHBPrescaler
                0x0000000008004712       0x28 Drivers/STM32WBxx_HAL_Driver/stm32wbxx_hal_rcc.o
 .text.LL_C2_RCC_SetAHBPrescaler
                0x000000000800473a       0x2c Drivers/STM32WBxx_HAL_Driver/stm32wbxx_hal_rcc.o
 .text.LL_RCC_SetAHB4Prescaler
                0x0000000008004766       0x2e Drivers/STM32WBxx_HAL_Driver/stm32wbxx_hal_rcc.o
 .text.LL_RCC_SetAPB1Prescaler
                0x0000000008004794       0x28 Drivers/STM32WBxx_HAL_Driver/stm32wbxx_hal_rcc.o
 .text.LL_RCC_SetAPB2Prescaler
                0x00000000080047bc       0x28 Drivers/STM32WBxx_HAL_Driver/stm32wbxx_hal_rcc.o
 .text.LL_RCC_GetAHBPrescaler
                0x00000000080047e4       0x18 Drivers/STM32WBxx_HAL_Driver/stm32wbxx_hal_rcc.o
 .text.LL_RCC_GetAHB4Prescaler
                0x00000000080047fc       0x1c Drivers/STM32WBxx_HAL_Driver/stm32wbxx_hal_rcc.o
 .text.LL_RCC_GetAPB1Prescaler
                0x0000000008004818       0x18 Drivers/STM32WBxx_HAL_Driver/stm32wbxx_hal_rcc.o
 .text.LL_RCC_GetAPB2Prescaler
                0x0000000008004830       0x18 Drivers/STM32WBxx_HAL_Driver/stm32wbxx_hal_rcc.o
 .text.LL_RCC_PLL_Enable
                0x0000000008004848       0x1e Drivers/STM32WBxx_HAL_Driver/stm32wbxx_hal_rcc.o
 .text.LL_RCC_PLL_Disable
                0x0000000008004866       0x1e Drivers/STM32WBxx_HAL_Driver/stm32wbxx_hal_rcc.o
 .text.LL_RCC_PLL_IsReady
                0x0000000008004884       0x24 Drivers/STM32WBxx_HAL_Driver/stm32wbxx_hal_rcc.o
 .text.LL_RCC_PLL_GetN
                0x00000000080048a8       0x1a Drivers/STM32WBxx_HAL_Driver/stm32wbxx_hal_rcc.o
 .text.LL_RCC_PLL_GetR
                0x00000000080048c2       0x18 Drivers/STM32WBxx_HAL_Driver/stm32wbxx_hal_rcc.o
 .text.LL_RCC_PLL_GetDivider
                0x00000000080048da       0x18 Drivers/STM32WBxx_HAL_Driver/stm32wbxx_hal_rcc.o
 .text.LL_RCC_PLL_GetMainSource
                0x00000000080048f2       0x18 Drivers/STM32WBxx_HAL_Driver/stm32wbxx_hal_rcc.o
 .text.LL_RCC_IsActiveFlag_HPRE
                0x000000000800490a       0x24 Drivers/STM32WBxx_HAL_Driver/stm32wbxx_hal_rcc.o
 .text.LL_RCC_IsActiveFlag_C2HPRE
                0x000000000800492e       0x26 Drivers/STM32WBxx_HAL_Driver/stm32wbxx_hal_rcc.o
 .text.LL_RCC_IsActiveFlag_SHDHPRE
                0x0000000008004954       0x26 Drivers/STM32WBxx_HAL_Driver/stm32wbxx_hal_rcc.o
 .text.LL_RCC_IsActiveFlag_PPRE1
                0x000000000800497a       0x24 Drivers/STM32WBxx_HAL_Driver/stm32wbxx_hal_rcc.o
 .text.LL_RCC_IsActiveFlag_PPRE2
                0x000000000800499e       0x24 Drivers/STM32WBxx_HAL_Driver/stm32wbxx_hal_rcc.o
 *fill*         0x00000000080049c2        0x2 
 .text.HAL_RCC_OscConfig
                0x00000000080049c4      0x718 Drivers/STM32WBxx_HAL_Driver/stm32wbxx_hal_rcc.o
                0x00000000080049c4                HAL_RCC_OscConfig
 .text.HAL_RCC_ClockConfig
                0x00000000080050dc      0x280 Drivers/STM32WBxx_HAL_Driver/stm32wbxx_hal_rcc.o
                0x00000000080050dc                HAL_RCC_ClockConfig
 .text.HAL_RCC_GetSysClockFreq
                0x000000000800535c       0xdc Drivers/STM32WBxx_HAL_Driver/stm32wbxx_hal_rcc.o
                0x000000000800535c                HAL_RCC_GetSysClockFreq
 .text.HAL_RCC_GetHCLKFreq
                0x0000000008005438       0x28 Drivers/STM32WBxx_HAL_Driver/stm32wbxx_hal_rcc.o
                0x0000000008005438                HAL_RCC_GetHCLKFreq
 .text.HAL_RCC_GetPCLK1Freq
                0x0000000008005460       0x2c Drivers/STM32WBxx_HAL_Driver/stm32wbxx_hal_rcc.o
                0x0000000008005460                HAL_RCC_GetPCLK1Freq
 .text.HAL_RCC_GetPCLK2Freq
                0x000000000800548c       0x2c Drivers/STM32WBxx_HAL_Driver/stm32wbxx_hal_rcc.o
                0x000000000800548c                HAL_RCC_GetPCLK2Freq
 .text.RCC_SetFlashLatencyFromMSIRange
                0x00000000080054b8       0x70 Drivers/STM32WBxx_HAL_Driver/stm32wbxx_hal_rcc.o
 .text.RCC_SetFlashLatency
                0x0000000008005528      0x100 Drivers/STM32WBxx_HAL_Driver/stm32wbxx_hal_rcc.o
 .text.LL_RCC_MSI_EnablePLLMode
                0x0000000008005628       0x1e Drivers/STM32WBxx_HAL_Driver/stm32wbxx_hal_rcc_ex.o
 .text.LL_APB1_GRP1_ForceReset
                0x0000000008005646       0x24 Drivers/STM32WBxx_HAL_Driver/stm32wbxx_hal_rcc_ex.o
 .text.LL_APB1_GRP1_ReleaseReset
                0x000000000800566a       0x26 Drivers/STM32WBxx_HAL_Driver/stm32wbxx_hal_rcc_ex.o
 .text.HAL_RCCEx_EnableMSIPLLMode
                0x0000000008005690        0xc Drivers/STM32WBxx_HAL_Driver/stm32wbxx_hal_rcc_ex.o
                0x0000000008005690                HAL_RCCEx_EnableMSIPLLMode
 .text.HAL_RCCEx_CRSConfig
                0x000000000800569c       0x74 Drivers/STM32WBxx_HAL_Driver/stm32wbxx_hal_rcc_ex.o
                0x000000000800569c                HAL_RCCEx_CRSConfig
 .text.HAL_TIM_Base_Init
                0x0000000008005710       0xae Drivers/STM32WBxx_HAL_Driver/stm32wbxx_hal_tim.o
                0x0000000008005710                HAL_TIM_Base_Init
 *fill*         0x00000000080057be        0x2 
 .text.HAL_TIM_Base_Start_IT
                0x00000000080057c0       0x9c Drivers/STM32WBxx_HAL_Driver/stm32wbxx_hal_tim.o
                0x00000000080057c0                HAL_TIM_Base_Start_IT
 .text.HAL_TIM_IRQHandler
                0x000000000800585c      0x23e Drivers/STM32WBxx_HAL_Driver/stm32wbxx_hal_tim.o
                0x000000000800585c                HAL_TIM_IRQHandler
 .text.HAL_TIM_OC_DelayElapsedCallback
                0x0000000008005a9a       0x14 Drivers/STM32WBxx_HAL_Driver/stm32wbxx_hal_tim.o
                0x0000000008005a9a                HAL_TIM_OC_DelayElapsedCallback
 .text.HAL_TIM_IC_CaptureCallback
                0x0000000008005aae       0x14 Drivers/STM32WBxx_HAL_Driver/stm32wbxx_hal_tim.o
                0x0000000008005aae                HAL_TIM_IC_CaptureCallback
 .text.HAL_TIM_PWM_PulseFinishedCallback
                0x0000000008005ac2       0x14 Drivers/STM32WBxx_HAL_Driver/stm32wbxx_hal_tim.o
                0x0000000008005ac2                HAL_TIM_PWM_PulseFinishedCallback
 .text.HAL_TIM_TriggerCallback
                0x0000000008005ad6       0x14 Drivers/STM32WBxx_HAL_Driver/stm32wbxx_hal_tim.o
                0x0000000008005ad6                HAL_TIM_TriggerCallback
 *fill*         0x0000000008005aea        0x2 
 .text.TIM_Base_SetConfig
                0x0000000008005aec       0xc8 Drivers/STM32WBxx_HAL_Driver/stm32wbxx_hal_tim.o
                0x0000000008005aec                TIM_Base_SetConfig
 .text.HAL_TIMEx_CommutCallback
                0x0000000008005bb4       0x14 Drivers/STM32WBxx_HAL_Driver/stm32wbxx_hal_tim_ex.o
                0x0000000008005bb4                HAL_TIMEx_CommutCallback
 .text.HAL_TIMEx_BreakCallback
                0x0000000008005bc8       0x14 Drivers/STM32WBxx_HAL_Driver/stm32wbxx_hal_tim_ex.o
                0x0000000008005bc8                HAL_TIMEx_BreakCallback
 .text.HAL_TIMEx_Break2Callback
                0x0000000008005bdc       0x14 Drivers/STM32WBxx_HAL_Driver/stm32wbxx_hal_tim_ex.o
                0x0000000008005bdc                HAL_TIMEx_Break2Callback
 .text.LL_RCC_GetUSARTClockSource
                0x0000000008005bf0       0x20 Drivers/STM32WBxx_HAL_Driver/stm32wbxx_hal_uart.o
 .text.LL_RCC_GetLPUARTClockSource
                0x0000000008005c10       0x20 Drivers/STM32WBxx_HAL_Driver/stm32wbxx_hal_uart.o
 .text.HAL_UART_Init
                0x0000000008005c30       0xa0 Drivers/STM32WBxx_HAL_Driver/stm32wbxx_hal_uart.o
                0x0000000008005c30                HAL_UART_Init
 .text.HAL_UART_DeInit
                0x0000000008005cd0       0x78 Drivers/STM32WBxx_HAL_Driver/stm32wbxx_hal_uart.o
                0x0000000008005cd0                HAL_UART_DeInit
 .text.HAL_UART_Receive_IT
                0x0000000008005d48       0xac Drivers/STM32WBxx_HAL_Driver/stm32wbxx_hal_uart.o
                0x0000000008005d48                HAL_UART_Receive_IT
 .text.HAL_UART_Transmit_DMA
                0x0000000008005df4      0x124 Drivers/STM32WBxx_HAL_Driver/stm32wbxx_hal_uart.o
                0x0000000008005df4                HAL_UART_Transmit_DMA
 .text.HAL_UART_IRQHandler
                0x0000000008005f18      0x630 Drivers/STM32WBxx_HAL_Driver/stm32wbxx_hal_uart.o
                0x0000000008005f18                HAL_UART_IRQHandler
 .text.HAL_UART_TxHalfCpltCallback
                0x0000000008006548       0x14 Drivers/STM32WBxx_HAL_Driver/stm32wbxx_hal_uart.o
                0x0000000008006548                HAL_UART_TxHalfCpltCallback
 .text.HAL_UARTEx_RxEventCallback
                0x000000000800655c       0x18 Drivers/STM32WBxx_HAL_Driver/stm32wbxx_hal_uart.o
                0x000000000800655c                HAL_UARTEx_RxEventCallback
 .text.UART_SetConfig
                0x0000000008006574      0x40c Drivers/STM32WBxx_HAL_Driver/stm32wbxx_hal_uart.o
                0x0000000008006574                UART_SetConfig
 .text.UART_AdvFeatureConfig
                0x0000000008006980      0x144 Drivers/STM32WBxx_HAL_Driver/stm32wbxx_hal_uart.o
                0x0000000008006980                UART_AdvFeatureConfig
 .text.UART_CheckIdleState
                0x0000000008006ac4       0x96 Drivers/STM32WBxx_HAL_Driver/stm32wbxx_hal_uart.o
                0x0000000008006ac4                UART_CheckIdleState
 .text.UART_WaitOnFlagUntilTimeout
                0x0000000008006b5a      0x190 Drivers/STM32WBxx_HAL_Driver/stm32wbxx_hal_uart.o
                0x0000000008006b5a                UART_WaitOnFlagUntilTimeout
 *fill*         0x0000000008006cea        0x2 
 .text.UART_Start_Receive_IT
                0x0000000008006cec      0x208 Drivers/STM32WBxx_HAL_Driver/stm32wbxx_hal_uart.o
                0x0000000008006cec                UART_Start_Receive_IT
 .text.UART_EndTxTransfer
                0x0000000008006ef4       0x82 Drivers/STM32WBxx_HAL_Driver/stm32wbxx_hal_uart.o
 .text.UART_EndRxTransfer
                0x0000000008006f76       0xcc Drivers/STM32WBxx_HAL_Driver/stm32wbxx_hal_uart.o
 .text.UART_DMATransmitCplt
                0x0000000008007042       0x9a Drivers/STM32WBxx_HAL_Driver/stm32wbxx_hal_uart.o
 .text.UART_DMATxHalfCplt
                0x00000000080070dc       0x1c Drivers/STM32WBxx_HAL_Driver/stm32wbxx_hal_uart.o
 .text.UART_DMAError
                0x00000000080070f8       0x80 Drivers/STM32WBxx_HAL_Driver/stm32wbxx_hal_uart.o
 .text.UART_DMAAbortOnError
                0x0000000008007178       0x2c Drivers/STM32WBxx_HAL_Driver/stm32wbxx_hal_uart.o
 .text.UART_EndTransmit_IT
                0x00000000080071a4       0x56 Drivers/STM32WBxx_HAL_Driver/stm32wbxx_hal_uart.o
 .text.UART_RxISR_8BIT
                0x00000000080071fa      0x160 Drivers/STM32WBxx_HAL_Driver/stm32wbxx_hal_uart.o
 .text.UART_RxISR_16BIT
                0x000000000800735a      0x160 Drivers/STM32WBxx_HAL_Driver/stm32wbxx_hal_uart.o
 *fill*         0x00000000080074ba        0x2 
 .text.UART_RxISR_8BIT_FIFOEN
                0x00000000080074bc      0x2f8 Drivers/STM32WBxx_HAL_Driver/stm32wbxx_hal_uart.o
 .text.UART_RxISR_16BIT_FIFOEN
                0x00000000080077b4      0x300 Drivers/STM32WBxx_HAL_Driver/stm32wbxx_hal_uart.o
 .text.HAL_UARTEx_WakeupCallback
                0x0000000008007ab4       0x14 Drivers/STM32WBxx_HAL_Driver/stm32wbxx_hal_uart_ex.o
                0x0000000008007ab4                HAL_UARTEx_WakeupCallback
 .text.HAL_UARTEx_RxFifoFullCallback
                0x0000000008007ac8       0x14 Drivers/STM32WBxx_HAL_Driver/stm32wbxx_hal_uart_ex.o
                0x0000000008007ac8                HAL_UARTEx_RxFifoFullCallback
 .text.HAL_UARTEx_TxFifoEmptyCallback
                0x0000000008007adc       0x14 Drivers/STM32WBxx_HAL_Driver/stm32wbxx_hal_uart_ex.o
                0x0000000008007adc                HAL_UARTEx_TxFifoEmptyCallback
 .text.USB_EnableGlobalInt
                0x0000000008007af0       0x2e Drivers/STM32WBxx_HAL_Driver/stm32wbxx_ll_usb.o
                0x0000000008007af0                USB_EnableGlobalInt
 .text.USB_DisableGlobalInt
                0x0000000008007b1e       0x36 Drivers/STM32WBxx_HAL_Driver/stm32wbxx_ll_usb.o
                0x0000000008007b1e                USB_DisableGlobalInt
 .text.USB_DevInit
                0x0000000008007b54       0x42 Drivers/STM32WBxx_HAL_Driver/stm32wbxx_ll_usb.o
                0x0000000008007b54                USB_DevInit
 *fill*         0x0000000008007b96        0x2 
 .text.USB_ActivateEndpoint
                0x0000000008007b98      0x728 Drivers/STM32WBxx_HAL_Driver/stm32wbxx_ll_usb.o
                0x0000000008007b98                USB_ActivateEndpoint
 .text.USB_DeactivateEndpoint
                0x00000000080082c0      0x3da Drivers/STM32WBxx_HAL_Driver/stm32wbxx_ll_usb.o
                0x00000000080082c0                USB_DeactivateEndpoint
 .text.USB_EPStartXfer
                0x000000000800869a     0x11a4 Drivers/STM32WBxx_HAL_Driver/stm32wbxx_ll_usb.o
                0x000000000800869a                USB_EPStartXfer
 .text.USB_EPSetStall
                0x000000000800983e       0xa2 Drivers/STM32WBxx_HAL_Driver/stm32wbxx_ll_usb.o
                0x000000000800983e                USB_EPSetStall
 .text.USB_EPClearStall
                0x00000000080098e0      0x15c Drivers/STM32WBxx_HAL_Driver/stm32wbxx_ll_usb.o
                0x00000000080098e0                USB_EPClearStall
 .text.USB_SetDevAddress
                0x0000000008009a3c       0x28 Drivers/STM32WBxx_HAL_Driver/stm32wbxx_ll_usb.o
                0x0000000008009a3c                USB_SetDevAddress
 .text.USB_DevConnect
                0x0000000008009a64       0x2e Drivers/STM32WBxx_HAL_Driver/stm32wbxx_ll_usb.o
                0x0000000008009a64                USB_DevConnect
 .text.USB_ReadInterrupts
                0x0000000008009a92       0x20 Drivers/STM32WBxx_HAL_Driver/stm32wbxx_ll_usb.o
                0x0000000008009a92                USB_ReadInterrupts
 .text.USB_WritePMA
                0x0000000008009ab2       0x84 Drivers/STM32WBxx_HAL_Driver/stm32wbxx_ll_usb.o
                0x0000000008009ab2                USB_WritePMA
 .text.USB_ReadPMA
                0x0000000008009b36       0x98 Drivers/STM32WBxx_HAL_Driver/stm32wbxx_ll_usb.o
                0x0000000008009b36                USB_ReadPMA
 .text.USBD_CDC_Init
                0x0000000008009bce       0xfe Middlewares/USB_Device_Library/usbd_cdc.o
 .text.USBD_CDC_DeInit
                0x0000000008009ccc       0x74 Middlewares/USB_Device_Library/usbd_cdc.o
 .text.USBD_CDC_Setup
                0x0000000008009d40      0x190 Middlewares/USB_Device_Library/usbd_cdc.o
 .text.USBD_CDC_DataIn
                0x0000000008009ed0       0xca Middlewares/USB_Device_Library/usbd_cdc.o
 .text.USBD_CDC_DataOut
                0x0000000008009f9a       0x56 Middlewares/USB_Device_Library/usbd_cdc.o
 .text.USBD_CDC_EP0_RxReady
                0x0000000008009ff0       0x5a Middlewares/USB_Device_Library/usbd_cdc.o
 *fill*         0x000000000800a04a        0x2 
 .text.USBD_CDC_GetFSCfgDesc
                0x000000000800a04c       0x20 Middlewares/USB_Device_Library/usbd_cdc.o
 .text.USBD_CDC_GetHSCfgDesc
                0x000000000800a06c       0x20 Middlewares/USB_Device_Library/usbd_cdc.o
 .text.USBD_CDC_GetOtherSpeedCfgDesc
                0x000000000800a08c       0x20 Middlewares/USB_Device_Library/usbd_cdc.o
 .text.USBD_CDC_GetDeviceQualifierDescriptor
                0x000000000800a0ac       0x20 Middlewares/USB_Device_Library/usbd_cdc.o
                0x000000000800a0ac                USBD_CDC_GetDeviceQualifierDescriptor
 .text.USBD_CDC_RegisterInterface
                0x000000000800a0cc       0x2a Middlewares/USB_Device_Library/usbd_cdc.o
                0x000000000800a0cc                USBD_CDC_RegisterInterface
 .text.USBD_CDC_SetTxBuffer
                0x000000000800a0f6       0x3c Middlewares/USB_Device_Library/usbd_cdc.o
                0x000000000800a0f6                USBD_CDC_SetTxBuffer
 .text.USBD_CDC_SetRxBuffer
                0x000000000800a132       0x32 Middlewares/USB_Device_Library/usbd_cdc.o
                0x000000000800a132                USBD_CDC_SetRxBuffer
 .text.USBD_CDC_TransmitPacket
                0x000000000800a164       0x60 Middlewares/USB_Device_Library/usbd_cdc.o
                0x000000000800a164                USBD_CDC_TransmitPacket
 .text.USBD_CDC_ReceivePacket
                0x000000000800a1c4       0x54 Middlewares/USB_Device_Library/usbd_cdc.o
                0x000000000800a1c4                USBD_CDC_ReceivePacket
 .text.USBD_Init
                0x000000000800a218       0x60 Middlewares/USB_Device_Library/usbd_core.o
                0x000000000800a218                USBD_Init
 .text.USBD_RegisterClass
                0x000000000800a278       0x4e Middlewares/USB_Device_Library/usbd_core.o
                0x000000000800a278                USBD_RegisterClass
 .text.USBD_Start
                0x000000000800a2c6       0x18 Middlewares/USB_Device_Library/usbd_core.o
                0x000000000800a2c6                USBD_Start
 .text.USBD_RunTestMode
                0x000000000800a2de       0x16 Middlewares/USB_Device_Library/usbd_core.o
                0x000000000800a2de                USBD_RunTestMode
 .text.USBD_SetClassConfig
                0x000000000800a2f4       0x38 Middlewares/USB_Device_Library/usbd_core.o
                0x000000000800a2f4                USBD_SetClassConfig
 .text.USBD_ClrClassConfig
                0x000000000800a32c       0x30 Middlewares/USB_Device_Library/usbd_core.o
                0x000000000800a32c                USBD_ClrClassConfig
 .text.USBD_LL_SetupStage
                0x000000000800a35c       0xaa Middlewares/USB_Device_Library/usbd_core.o
                0x000000000800a35c                USBD_LL_SetupStage
 .text.USBD_LL_DataOutStage
                0x000000000800a406       0xc6 Middlewares/USB_Device_Library/usbd_core.o
                0x000000000800a406                USBD_LL_DataOutStage
 .text.USBD_LL_DataInStage
                0x000000000800a4cc      0x12c Middlewares/USB_Device_Library/usbd_core.o
                0x000000000800a4cc                USBD_LL_DataInStage
 .text.USBD_LL_Reset
                0x000000000800a5f8       0x9c Middlewares/USB_Device_Library/usbd_core.o
                0x000000000800a5f8                USBD_LL_Reset
 .text.USBD_LL_SetSpeed
                0x000000000800a694       0x20 Middlewares/USB_Device_Library/usbd_core.o
                0x000000000800a694                USBD_LL_SetSpeed
 .text.USBD_LL_Suspend
                0x000000000800a6b4       0x2c Middlewares/USB_Device_Library/usbd_core.o
                0x000000000800a6b4                USBD_LL_Suspend
 .text.USBD_LL_Resume
                0x000000000800a6e0       0x30 Middlewares/USB_Device_Library/usbd_core.o
                0x000000000800a6e0                USBD_LL_Resume
 .text.USBD_LL_SOF
                0x000000000800a710       0x44 Middlewares/USB_Device_Library/usbd_core.o
                0x000000000800a710                USBD_LL_SOF
 .text.SWAPBYTE
                0x000000000800a754       0x3c Middlewares/USB_Device_Library/usbd_ctlreq.o
 .text.USBD_StdDevReq
                0x000000000800a790       0xdc Middlewares/USB_Device_Library/usbd_ctlreq.o
                0x000000000800a790                USBD_StdDevReq
 .text.USBD_StdItfReq
                0x000000000800a86c       0x92 Middlewares/USB_Device_Library/usbd_ctlreq.o
                0x000000000800a86c                USBD_StdItfReq
 .text.USBD_StdEPReq
                0x000000000800a8fe      0x2c4 Middlewares/USB_Device_Library/usbd_ctlreq.o
                0x000000000800a8fe                USBD_StdEPReq
 *fill*         0x000000000800abc2        0x2 
 .text.USBD_GetDescriptor
                0x000000000800abc4      0x2d4 Middlewares/USB_Device_Library/usbd_ctlreq.o
 .text.USBD_SetAddress
                0x000000000800ae98       0x88 Middlewares/USB_Device_Library/usbd_ctlreq.o
 .text.USBD_SetConfig
                0x000000000800af20      0x14c Middlewares/USB_Device_Library/usbd_ctlreq.o
 .text.USBD_GetConfig
                0x000000000800b06c       0x6c Middlewares/USB_Device_Library/usbd_ctlreq.o
 .text.USBD_GetStatus
                0x000000000800b0d8       0x68 Middlewares/USB_Device_Library/usbd_ctlreq.o
 .text.USBD_SetFeature
                0x000000000800b140       0x28 Middlewares/USB_Device_Library/usbd_ctlreq.o
 .text.USBD_ClrFeature
                0x000000000800b168       0x44 Middlewares/USB_Device_Library/usbd_ctlreq.o
 .text.USBD_ParseSetupRequest
                0x000000000800b1ac       0x74 Middlewares/USB_Device_Library/usbd_ctlreq.o
                0x000000000800b1ac                USBD_ParseSetupRequest
 .text.USBD_CtlError
                0x000000000800b220       0x22 Middlewares/USB_Device_Library/usbd_ctlreq.o
                0x000000000800b220                USBD_CtlError
 .text.USBD_GetString
                0x000000000800b242       0x8c Middlewares/USB_Device_Library/usbd_ctlreq.o
                0x000000000800b242                USBD_GetString
 .text.USBD_GetLen
                0x000000000800b2ce       0x34 Middlewares/USB_Device_Library/usbd_ctlreq.o
 .text.USBD_CtlSendData
                0x000000000800b302       0x36 Middlewares/USB_Device_Library/usbd_ioreq.o
                0x000000000800b302                USBD_CtlSendData
 .text.USBD_CtlContinueSendData
                0x000000000800b338       0x22 Middlewares/USB_Device_Library/usbd_ioreq.o
                0x000000000800b338                USBD_CtlContinueSendData
 .text.USBD_CtlPrepareRx
                0x000000000800b35a       0x3a Middlewares/USB_Device_Library/usbd_ioreq.o
                0x000000000800b35a                USBD_CtlPrepareRx
 .text.USBD_CtlContinueRx
                0x000000000800b394       0x22 Middlewares/USB_Device_Library/usbd_ioreq.o
                0x000000000800b394                USBD_CtlContinueRx
 .text.USBD_CtlSendStatus
                0x000000000800b3b6       0x26 Middlewares/USB_Device_Library/usbd_ioreq.o
                0x000000000800b3b6                USBD_CtlSendStatus
 .text.USBD_CtlReceiveStatus
                0x000000000800b3dc       0x26 Middlewares/USB_Device_Library/usbd_ioreq.o
                0x000000000800b3dc                USBD_CtlReceiveStatus
 *fill*         0x000000000800b402        0x2 
 .text.__libc_init_array
                0x000000000800b404       0x48 d:/st/stm32cubeide_1.6.1/stm32cubeide/plugins/com.st.stm32cube.ide.mcu.externaltools.gnu-tools-for-stm32.9-2020-q2-update.win32_1.5.0.202011040924/tools/bin/../lib/gcc/arm-none-eabi/9.3.1/../../../../arm-none-eabi/lib/thumb/v7e-m+fp/hard\libc_nano.a(lib_a-init.o)
                0x000000000800b404                __libc_init_array
 .text.memset   0x000000000800b44c       0x10 d:/st/stm32cubeide_1.6.1/stm32cubeide/plugins/com.st.stm32cube.ide.mcu.externaltools.gnu-tools-for-stm32.9-2020-q2-update.win32_1.5.0.202011040924/tools/bin/../lib/gcc/arm-none-eabi/9.3.1/../../../../arm-none-eabi/lib/thumb/v7e-m+fp/hard\libc_nano.a(lib_a-memset.o)
                0x000000000800b44c                memset
 *(.glue_7)
 .glue_7        0x000000000800b45c        0x0 linker stubs
 *(.glue_7t)
 .glue_7t       0x000000000800b45c        0x0 linker stubs
 *(.eh_frame)
 .eh_frame      0x000000000800b45c        0x0 d:/st/stm32cubeide_1.6.1/stm32cubeide/plugins/com.st.stm32cube.ide.mcu.externaltools.gnu-tools-for-stm32.9-2020-q2-update.win32_1.5.0.202011040924/tools/bin/../lib/gcc/arm-none-eabi/9.3.1/thumb/v7e-m+fp/hard/crtbegin.o
 *(.init)
 .init          0x000000000800b45c        0x4 d:/st/stm32cubeide_1.6.1/stm32cubeide/plugins/com.st.stm32cube.ide.mcu.externaltools.gnu-tools-for-stm32.9-2020-q2-update.win32_1.5.0.202011040924/tools/bin/../lib/gcc/arm-none-eabi/9.3.1/thumb/v7e-m+fp/hard/crti.o
                0x000000000800b45c                _init
 .init          0x000000000800b460        0x8 d:/st/stm32cubeide_1.6.1/stm32cubeide/plugins/com.st.stm32cube.ide.mcu.externaltools.gnu-tools-for-stm32.9-2020-q2-update.win32_1.5.0.202011040924/tools/bin/../lib/gcc/arm-none-eabi/9.3.1/thumb/v7e-m+fp/hard/crtn.o
 *(.fini)
 .fini          0x000000000800b468        0x4 d:/st/stm32cubeide_1.6.1/stm32cubeide/plugins/com.st.stm32cube.ide.mcu.externaltools.gnu-tools-for-stm32.9-2020-q2-update.win32_1.5.0.202011040924/tools/bin/../lib/gcc/arm-none-eabi/9.3.1/thumb/v7e-m+fp/hard/crti.o
                0x000000000800b468                _fini
 .fini          0x000000000800b46c        0x8 d:/st/stm32cubeide_1.6.1/stm32cubeide/plugins/com.st.stm32cube.ide.mcu.externaltools.gnu-tools-for-stm32.9-2020-q2-update.win32_1.5.0.202011040924/tools/bin/../lib/gcc/arm-none-eabi/9.3.1/thumb/v7e-m+fp/hard/crtn.o
                0x000000000800b474                . = ALIGN (0x4)
                0x000000000800b474                _etext = .

.vfp11_veneer   0x000000000800b474        0x0
 .vfp11_veneer  0x000000000800b474        0x0 linker stubs

.v4_bx          0x000000000800b474        0x0
 .v4_bx         0x000000000800b474        0x0 linker stubs

.iplt           0x000000000800b474        0x0
 .iplt          0x000000000800b474        0x0 d:/st/stm32cubeide_1.6.1/stm32cubeide/plugins/com.st.stm32cube.ide.mcu.externaltools.gnu-tools-for-stm32.9-2020-q2-update.win32_1.5.0.202011040924/tools/bin/../lib/gcc/arm-none-eabi/9.3.1/thumb/v7e-m+fp/hard/crtbegin.o

.rodata         0x000000000800b474      0x140
                0x000000000800b474                . = ALIGN (0x4)
 *(.rodata)
 .rodata        0x000000000800b474       0x52 Application/User/USB_Device/App/usbd_desc.o
 *fill*         0x000000000800b4c6        0x2 
 .rodata        0x000000000800b4c8       0x2c Drivers/STM32WBxx_HAL_Driver/stm32wbxx_hal_rcc.o
 *(.rodata*)
 .rodata.GPIO_PIN
                0x000000000800b4f4        0x6 Drivers/BSP/P-NUCLEO-WB55-Nucleo/stm32wbxx_nucleo.o
                0x000000000800b4f4                GPIO_PIN
 *fill*         0x000000000800b4fa        0x2 
 .rodata.AHBPrescTable
                0x000000000800b4fc       0x40 Drivers/CMSIS/system_stm32wbxx.o
                0x000000000800b4fc                AHBPrescTable
 .rodata.APBPrescTable
                0x000000000800b53c       0x20 Drivers/CMSIS/system_stm32wbxx.o
                0x000000000800b53c                APBPrescTable
 .rodata.MSIRangeTable
                0x000000000800b55c       0x40 Drivers/CMSIS/system_stm32wbxx.o
                0x000000000800b55c                MSIRangeTable
 .rodata.UARTPrescTable
                0x000000000800b59c       0x18 Drivers/STM32WBxx_HAL_Driver/stm32wbxx_hal_uart.o
                0x000000000800b59c                UARTPrescTable
                0x000000000800b5b4                . = ALIGN (0x4)

.ARM.extab
 *(.ARM.extab* .gnu.linkonce.armextab.*)

.ARM            0x000000000800b5b4        0x8
                0x000000000800b5b4                __exidx_start = .
 *(.ARM.exidx*)
 .ARM.exidx     0x000000000800b5b4        0x8 d:/st/stm32cubeide_1.6.1/stm32cubeide/plugins/com.st.stm32cube.ide.mcu.externaltools.gnu-tools-for-stm32.9-2020-q2-update.win32_1.5.0.202011040924/tools/bin/../lib/gcc/arm-none-eabi/9.3.1/thumb/v7e-m+fp/hard\libgcc.a(_udivmoddi4.o)
                0x000000000800b5bc                __exidx_end = .

.rel.dyn        0x000000000800b5bc        0x0
 .rel.iplt      0x000000000800b5bc        0x0 d:/st/stm32cubeide_1.6.1/stm32cubeide/plugins/com.st.stm32cube.ide.mcu.externaltools.gnu-tools-for-stm32.9-2020-q2-update.win32_1.5.0.202011040924/tools/bin/../lib/gcc/arm-none-eabi/9.3.1/thumb/v7e-m+fp/hard/crtbegin.o

.preinit_array  0x000000000800b5bc        0x0
                0x000000000800b5bc                PROVIDE (__preinit_array_start = .)
 *(.preinit_array*)
                0x000000000800b5bc                PROVIDE (__preinit_array_end = .)

.init_array     0x000000000800b5bc        0x4
                0x000000000800b5bc                PROVIDE (__init_array_start = .)
 *(SORT_BY_NAME(.init_array.*))
 *(.init_array*)
 .init_array    0x000000000800b5bc        0x4 d:/st/stm32cubeide_1.6.1/stm32cubeide/plugins/com.st.stm32cube.ide.mcu.externaltools.gnu-tools-for-stm32.9-2020-q2-update.win32_1.5.0.202011040924/tools/bin/../lib/gcc/arm-none-eabi/9.3.1/thumb/v7e-m+fp/hard/crtbegin.o
                0x000000000800b5c0                PROVIDE (__init_array_end = .)

.fini_array     0x000000000800b5c0        0x4
                [!provide]                        PROVIDE (__fini_array_start = .)
 *(SORT_BY_NAME(.fini_array.*))
 *(.fini_array*)
 .fini_array    0x000000000800b5c0        0x4 d:/st/stm32cubeide_1.6.1/stm32cubeide/plugins/com.st.stm32cube.ide.mcu.externaltools.gnu-tools-for-stm32.9-2020-q2-update.win32_1.5.0.202011040924/tools/bin/../lib/gcc/arm-none-eabi/9.3.1/thumb/v7e-m+fp/hard/crtbegin.o
                [!provide]                        PROVIDE (__fini_array_end = .)
                0x000000000800b5c4                _sidata = LOADADDR (.data)

.data           0x0000000020000008      0x194 load address 0x000000000800b5c4
                0x0000000020000008                . = ALIGN (0x4)
                0x0000000020000008                _sdata = .
 *(.data)
 *(.data*)
 .data.LineCoding
                0x0000000020000008        0x8 Application/User/USB_Device/App/usbd_cdc_if.o
                0x0000000020000008                LineCoding
 .data.USBD_Interface_fops_FS
                0x0000000020000010       0x14 Application/User/USB_Device/App/usbd_cdc_if.o
                0x0000000020000010                USBD_Interface_fops_FS
 .data.CDC_Desc
                0x0000000020000024       0x1c Application/User/USB_Device/App/usbd_desc.o
                0x0000000020000024                CDC_Desc
 .data.USBD_CDC_DeviceDesc
                0x0000000020000040       0x12 Application/User/USB_Device/App/usbd_desc.o
                0x0000000020000040                USBD_CDC_DeviceDesc
 *fill*         0x0000000020000052        0x2 
 .data.USBD_LangIDDesc
                0x0000000020000054        0x4 Application/User/USB_Device/App/usbd_desc.o
                0x0000000020000054                USBD_LangIDDesc
 .data.USBD_StringSerial
                0x0000000020000058       0x1a Application/User/USB_Device/App/usbd_desc.o
                0x0000000020000058                USBD_StringSerial
 *fill*         0x0000000020000072        0x2 
 .data.GPIO_PORT
                0x0000000020000074        0xc Drivers/BSP/P-NUCLEO-WB55-Nucleo/stm32wbxx_nucleo.o
                0x0000000020000074                GPIO_PORT
 .data.SystemCoreClock
                0x0000000020000080        0x4 Drivers/CMSIS/system_stm32wbxx.o
                0x0000000020000080                SystemCoreClock
 .data.uwTickPrio
                0x0000000020000084        0x4 Drivers/STM32WBxx_HAL_Driver/stm32wbxx_hal.o
                0x0000000020000084                uwTickPrio
 .data.uwTickFreq
                0x0000000020000088        0x1 Drivers/STM32WBxx_HAL_Driver/stm32wbxx_hal.o
                0x0000000020000088                uwTickFreq
 *fill*         0x0000000020000089        0x3 
 .data.USBD_CDC_DeviceQualifierDesc
                0x000000002000008c        0xa Middlewares/USB_Device_Library/usbd_cdc.o
 *fill*         0x0000000020000096        0x2 
 .data.USBD_CDC
                0x0000000020000098       0x38 Middlewares/USB_Device_Library/usbd_cdc.o
                0x0000000020000098                USBD_CDC
 .data.USBD_CDC_CfgHSDesc
                0x00000000200000d0       0x43 Middlewares/USB_Device_Library/usbd_cdc.o
 *fill*         0x0000000020000113        0x1 
 .data.USBD_CDC_CfgFSDesc
                0x0000000020000114       0x43 Middlewares/USB_Device_Library/usbd_cdc.o
 *fill*         0x0000000020000157        0x1 
 .data.USBD_CDC_OtherSpeedCfgDesc
                0x0000000020000158       0x43 Middlewares/USB_Device_Library/usbd_cdc.o
                0x000000002000019c                . = ALIGN (0x4)
 *fill*         0x000000002000019b        0x1 
                0x000000002000019c                _edata = .

.igot.plt       0x000000002000019c        0x0 load address 0x000000000800b758
 .igot.plt      0x000000002000019c        0x0 d:/st/stm32cubeide_1.6.1/stm32cubeide/plugins/com.st.stm32cube.ide.mcu.externaltools.gnu-tools-for-stm32.9-2020-q2-update.win32_1.5.0.202011040924/tools/bin/../lib/gcc/arm-none-eabi/9.3.1/thumb/v7e-m+fp/hard/crtbegin.o
                0x000000002000019c                . = ALIGN (0x4)

.bss            0x000000002000019c     0x19bc load address 0x000000000800b758
                0x000000002000019c                _sbss = .
                0x000000002000019c                __bss_start__ = _sbss
 *(.bss)
 .bss           0x000000002000019c       0x1c d:/st/stm32cubeide_1.6.1/stm32cubeide/plugins/com.st.stm32cube.ide.mcu.externaltools.gnu-tools-for-stm32.9-2020-q2-update.win32_1.5.0.202011040924/tools/bin/../lib/gcc/arm-none-eabi/9.3.1/thumb/v7e-m+fp/hard/crtbegin.o
 *(.bss*)
 .bss.hdma_tx   0x00000000200001b8       0x60 Application/User/Core/stm32wbxx_hal_msp.o
 .bss.mem.13577
                0x0000000020000218      0x220 Application/User/USB_Device/Target/usbd_conf.o
 .bss.cfgidx.13503
                0x0000000020000438        0x1 Middlewares/USB_Device_Library/usbd_ctlreq.o
 *(COMMON)
 *fill*         0x0000000020000439        0x3 
 COMMON         0x000000002000043c      0x2d4 Application/User/USB_Device/App/usb_device.o
                0x000000002000043c                hUsbDeviceFS
                0x000000002000070c                HID_Buffer
 COMMON         0x0000000020000710     0x10ec Application/User/USB_Device/App/usbd_cdc_if.o
                0x0000000020000710                BuffLength
                0x0000000020000714                UartHandle
                0x00000000200007a4                UserRxBufferFS
                0x0000000020000fa4                UserTxBufferFS
                0x00000000200017a4                UserTxBufPtrOut
                0x00000000200017a8                uwPrescalerValue
                0x00000000200017ac                TimHandle
                0x00000000200017f8                UserTxBufPtrIn
 COMMON         0x00000000200017fc       0x64 Application/User/USB_Device/App/usbd_desc.o
                0x00000000200017fc                USBD_StrDesc
 COMMON         0x0000000020001860      0x2f4 Application/User/USB_Device/Target/usbd_conf.o
                0x0000000020001860                hpcd_USB_FS
 COMMON         0x0000000020001b54        0x4 Drivers/STM32WBxx_HAL_Driver/stm32wbxx_hal.o
                0x0000000020001b54                uwTick
                0x0000000020001b58                . = ALIGN (0x4)
                0x0000000020001b58                _ebss = .
                0x0000000020001b58                __bss_end__ = _ebss

._user_heap_stack
                0x0000000020001b58     0x2000 load address 0x000000000800b758
                0x0000000020001b58                . = ALIGN (0x8)
                [!provide]                        PROVIDE (end = .)
                0x0000000020001b58                PROVIDE (_end = .)
                0x0000000020002b58                . = (. + _Min_Heap_Size)
 *fill*         0x0000000020001b58     0x1000 
                0x0000000020003b58                . = (. + _Min_Stack_Size)
 *fill*         0x0000000020002b58     0x1000 
                0x0000000020003b58                . = ALIGN (0x8)

/DISCARD/
 libc.a(*)
 libm.a(*)
 libgcc.a(*)

.ARM.attributes
                0x0000000000000000       0x30
 *(.ARM.attributes)
 .ARM.attributes
                0x0000000000000000       0x1e d:/st/stm32cubeide_1.6.1/stm32cubeide/plugins/com.st.stm32cube.ide.mcu.externaltools.gnu-tools-for-stm32.9-2020-q2-update.win32_1.5.0.202011040924/tools/bin/../lib/gcc/arm-none-eabi/9.3.1/thumb/v7e-m+fp/hard/crti.o
 .ARM.attributes
                0x000000000000001e       0x34 d:/st/stm32cubeide_1.6.1/stm32cubeide/plugins/com.st.stm32cube.ide.mcu.externaltools.gnu-tools-for-stm32.9-2020-q2-update.win32_1.5.0.202011040924/tools/bin/../lib/gcc/arm-none-eabi/9.3.1/thumb/v7e-m+fp/hard/crtbegin.o
 .ARM.attributes
                0x0000000000000052       0x34 Application/User/Core/main.o
 .ARM.attributes
                0x0000000000000086       0x34 Application/User/Core/stm32wbxx_hal_msp.o
 .ARM.attributes
                0x00000000000000ba       0x34 Application/User/Core/stm32wbxx_it.o
 .ARM.attributes
                0x00000000000000ee       0x21 Application/User/Startup/startup_stm32wb55rgvx.o
 .ARM.attributes
                0x000000000000010f       0x34 Application/User/USB_Device/App/usb_device.o
 .ARM.attributes
                0x0000000000000143       0x34 Application/User/USB_Device/App/usbd_cdc_if.o
 .ARM.attributes
                0x0000000000000177       0x34 Application/User/USB_Device/App/usbd_desc.o
 .ARM.attributes
                0x00000000000001ab       0x34 Application/User/USB_Device/Target/usbd_conf.o
 .ARM.attributes
                0x00000000000001df       0x34 Drivers/BSP/P-NUCLEO-WB55-Nucleo/stm32wbxx_nucleo.o
 .ARM.attributes
                0x0000000000000213       0x34 Drivers/CMSIS/system_stm32wbxx.o
 .ARM.attributes
                0x0000000000000247       0x34 Drivers/STM32WBxx_HAL_Driver/stm32wbxx_hal.o
 .ARM.attributes
                0x000000000000027b       0x34 Drivers/STM32WBxx_HAL_Driver/stm32wbxx_hal_cortex.o
 .ARM.attributes
                0x00000000000002af       0x34 Drivers/STM32WBxx_HAL_Driver/stm32wbxx_hal_dma.o
 .ARM.attributes
                0x00000000000002e3       0x34 Drivers/STM32WBxx_HAL_Driver/stm32wbxx_hal_gpio.o
 .ARM.attributes
                0x0000000000000317       0x34 Drivers/STM32WBxx_HAL_Driver/stm32wbxx_hal_pcd.o
 .ARM.attributes
                0x000000000000034b       0x34 Drivers/STM32WBxx_HAL_Driver/stm32wbxx_hal_pcd_ex.o
 .ARM.attributes
                0x000000000000037f       0x34 Drivers/STM32WBxx_HAL_Driver/stm32wbxx_hal_pwr.o
 .ARM.attributes
                0x00000000000003b3       0x34 Drivers/STM32WBxx_HAL_Driver/stm32wbxx_hal_pwr_ex.o
 .ARM.attributes
                0x00000000000003e7       0x34 Drivers/STM32WBxx_HAL_Driver/stm32wbxx_hal_rcc.o
 .ARM.attributes
                0x000000000000041b       0x34 Drivers/STM32WBxx_HAL_Driver/stm32wbxx_hal_rcc_ex.o
 .ARM.attributes
                0x000000000000044f       0x34 Drivers/STM32WBxx_HAL_Driver/stm32wbxx_hal_tim.o
 .ARM.attributes
                0x0000000000000483       0x34 Drivers/STM32WBxx_HAL_Driver/stm32wbxx_hal_tim_ex.o
 .ARM.attributes
                0x00000000000004b7       0x34 Drivers/STM32WBxx_HAL_Driver/stm32wbxx_hal_uart.o
 .ARM.attributes
                0x00000000000004eb       0x34 Drivers/STM32WBxx_HAL_Driver/stm32wbxx_hal_uart_ex.o
 .ARM.attributes
                0x000000000000051f       0x34 Drivers/STM32WBxx_HAL_Driver/stm32wbxx_ll_usb.o
 .ARM.attributes
                0x0000000000000553       0x34 Middlewares/USB_Device_Library/usbd_cdc.o
 .ARM.attributes
                0x0000000000000587       0x34 Middlewares/USB_Device_Library/usbd_core.o
 .ARM.attributes
                0x00000000000005bb       0x34 Middlewares/USB_Device_Library/usbd_ctlreq.o
 .ARM.attributes
                0x00000000000005ef       0x34 Middlewares/USB_Device_Library/usbd_ioreq.o
 .ARM.attributes
                0x0000000000000623       0x34 d:/st/stm32cubeide_1.6.1/stm32cubeide/plugins/com.st.stm32cube.ide.mcu.externaltools.gnu-tools-for-stm32.9-2020-q2-update.win32_1.5.0.202011040924/tools/bin/../lib/gcc/arm-none-eabi/9.3.1/../../../../arm-none-eabi/lib/thumb/v7e-m+fp/hard\libc_nano.a(lib_a-init.o)
 .ARM.attributes
                0x0000000000000657       0x34 d:/st/stm32cubeide_1.6.1/stm32cubeide/plugins/com.st.stm32cube.ide.mcu.externaltools.gnu-tools-for-stm32.9-2020-q2-update.win32_1.5.0.202011040924/tools/bin/../lib/gcc/arm-none-eabi/9.3.1/../../../../arm-none-eabi/lib/thumb/v7e-m+fp/hard\libc_nano.a(lib_a-memset.o)
 .ARM.attributes
                0x000000000000068b       0x1e d:/st/stm32cubeide_1.6.1/stm32cubeide/plugins/com.st.stm32cube.ide.mcu.externaltools.gnu-tools-for-stm32.9-2020-q2-update.win32_1.5.0.202011040924/tools/bin/../lib/gcc/arm-none-eabi/9.3.1/thumb/v7e-m+fp/hard\libgcc.a(_aeabi_uldivmod.o)
 .ARM.attributes
                0x00000000000006a9       0x34 d:/st/stm32cubeide_1.6.1/stm32cubeide/plugins/com.st.stm32cube.ide.mcu.externaltools.gnu-tools-for-stm32.9-2020-q2-update.win32_1.5.0.202011040924/tools/bin/../lib/gcc/arm-none-eabi/9.3.1/thumb/v7e-m+fp/hard\libgcc.a(_udivmoddi4.o)
 .ARM.attributes
                0x00000000000006dd       0x1e d:/st/stm32cubeide_1.6.1/stm32cubeide/plugins/com.st.stm32cube.ide.mcu.externaltools.gnu-tools-for-stm32.9-2020-q2-update.win32_1.5.0.202011040924/tools/bin/../lib/gcc/arm-none-eabi/9.3.1/thumb/v7e-m+fp/hard\libgcc.a(_dvmd_tls.o)
 .ARM.attributes
                0x00000000000006fb       0x1e d:/st/stm32cubeide_1.6.1/stm32cubeide/plugins/com.st.stm32cube.ide.mcu.externaltools.gnu-tools-for-stm32.9-2020-q2-update.win32_1.5.0.202011040924/tools/bin/../lib/gcc/arm-none-eabi/9.3.1/thumb/v7e-m+fp/hard/crtn.o

MAPPING_TABLE
 *(MAPPING_TABLE)

MB_MEM1
 *(MB_MEM1)

MB_MEM2         0x0000000020030000        0x0
                0x0000000020030000                _sMB_MEM2 = .
 *(MB_MEM2)
                0x0000000020030000                _eMB_MEM2 = .
OUTPUT(CDC_Standalone.elf elf32-littlearm)
LOAD linker stubs
LOAD d:/st/stm32cubeide_1.6.1/stm32cubeide/plugins/com.st.stm32cube.ide.mcu.externaltools.gnu-tools-for-stm32.9-2020-q2-update.win32_1.5.0.202011040924/tools/bin/../lib/gcc/arm-none-eabi/9.3.1/../../../../arm-none-eabi/lib/thumb/v7e-m+fp/hard\libc.a
LOAD d:/st/stm32cubeide_1.6.1/stm32cubeide/plugins/com.st.stm32cube.ide.mcu.externaltools.gnu-tools-for-stm32.9-2020-q2-update.win32_1.5.0.202011040924/tools/bin/../lib/gcc/arm-none-eabi/9.3.1/../../../../arm-none-eabi/lib/thumb/v7e-m+fp/hard\libm.a
LOAD d:/st/stm32cubeide_1.6.1/stm32cubeide/plugins/com.st.stm32cube.ide.mcu.externaltools.gnu-tools-for-stm32.9-2020-q2-update.win32_1.5.0.202011040924/tools/bin/../lib/gcc/arm-none-eabi/9.3.1/thumb/v7e-m+fp/hard\libgcc.a

.debug_info     0x0000000000000000    0x29e53
 .debug_info    0x0000000000000000     0x18ee Application/User/Core/main.o
 .debug_info    0x00000000000018ee     0x230c Application/User/Core/stm32wbxx_hal_msp.o
 .debug_info    0x0000000000003bfa     0x20b1 Application/User/Core/stm32wbxx_it.o
 .debug_info    0x0000000000005cab       0x22 Application/User/Startup/startup_stm32wb55rgvx.o
 .debug_info    0x0000000000005ccd     0x1bb8 Application/User/USB_Device/App/usb_device.o
 .debug_info    0x0000000000007885     0x1f52 Application/User/USB_Device/App/usbd_cdc_if.o
 .debug_info    0x00000000000097d7      0xee5 Application/User/USB_Device/App/usbd_desc.o
 .debug_info    0x000000000000a6bc     0x25fe Application/User/USB_Device/Target/usbd_conf.o
 .debug_info    0x000000000000ccba      0xc08 Drivers/BSP/P-NUCLEO-WB55-Nucleo/stm32wbxx_nucleo.o
 .debug_info    0x000000000000d8c2      0x89c Drivers/CMSIS/system_stm32wbxx.o
 .debug_info    0x000000000000e15e     0x14a0 Drivers/STM32WBxx_HAL_Driver/stm32wbxx_hal.o
 .debug_info    0x000000000000f5fe      0xf0a Drivers/STM32WBxx_HAL_Driver/stm32wbxx_hal_cortex.o
 .debug_info    0x0000000000010508      0xa79 Drivers/STM32WBxx_HAL_Driver/stm32wbxx_hal_dma.o
 .debug_info    0x0000000000010f81      0x8b8 Drivers/STM32WBxx_HAL_Driver/stm32wbxx_hal_gpio.o
 .debug_info    0x0000000000011839     0x165a Drivers/STM32WBxx_HAL_Driver/stm32wbxx_hal_pcd.o
 .debug_info    0x0000000000012e93      0xa12 Drivers/STM32WBxx_HAL_Driver/stm32wbxx_hal_pcd_ex.o
 .debug_info    0x00000000000138a5      0xade Drivers/STM32WBxx_HAL_Driver/stm32wbxx_hal_pwr.o
 .debug_info    0x0000000000014383     0x1296 Drivers/STM32WBxx_HAL_Driver/stm32wbxx_hal_pwr_ex.o
 .debug_info    0x0000000000015619     0x16ff Drivers/STM32WBxx_HAL_Driver/stm32wbxx_hal_rcc.o
 .debug_info    0x0000000000016d18     0x1e70 Drivers/STM32WBxx_HAL_Driver/stm32wbxx_hal_rcc_ex.o
 .debug_info    0x0000000000018b88     0x2efd Drivers/STM32WBxx_HAL_Driver/stm32wbxx_hal_tim.o
 .debug_info    0x000000000001ba85     0x1a2c Drivers/STM32WBxx_HAL_Driver/stm32wbxx_hal_tim_ex.o
 .debug_info    0x000000000001d4b1     0x4afa Drivers/STM32WBxx_HAL_Driver/stm32wbxx_hal_uart.o
 .debug_info    0x0000000000021fab     0x1101 Drivers/STM32WBxx_HAL_Driver/stm32wbxx_hal_uart_ex.o
 .debug_info    0x00000000000230ac     0x1843 Drivers/STM32WBxx_HAL_Driver/stm32wbxx_ll_usb.o
 .debug_info    0x00000000000248ef     0x1ad6 Middlewares/USB_Device_Library/usbd_cdc.o
 .debug_info    0x00000000000263c5     0x149c Middlewares/USB_Device_Library/usbd_core.o
 .debug_info    0x0000000000027861     0x1468 Middlewares/USB_Device_Library/usbd_ctlreq.o
 .debug_info    0x0000000000028cc9     0x118a Middlewares/USB_Device_Library/usbd_ioreq.o

.debug_abbrev   0x0000000000000000     0x48bf
 .debug_abbrev  0x0000000000000000      0x2d1 Application/User/Core/main.o
 .debug_abbrev  0x00000000000002d1      0x2ae Application/User/Core/stm32wbxx_hal_msp.o
 .debug_abbrev  0x000000000000057f      0x22d Application/User/Core/stm32wbxx_it.o
 .debug_abbrev  0x00000000000007ac       0x12 Application/User/Startup/startup_stm32wb55rgvx.o
 .debug_abbrev  0x00000000000007be      0x289 Application/User/USB_Device/App/usb_device.o
 .debug_abbrev  0x0000000000000a47      0x353 Application/User/USB_Device/App/usbd_cdc_if.o
 .debug_abbrev  0x0000000000000d9a      0x2d0 Application/User/USB_Device/App/usbd_desc.o
 .debug_abbrev  0x000000000000106a      0x364 Application/User/USB_Device/Target/usbd_conf.o
 .debug_abbrev  0x00000000000013ce      0x233 Drivers/BSP/P-NUCLEO-WB55-Nucleo/stm32wbxx_nucleo.o
 .debug_abbrev  0x0000000000001601      0x185 Drivers/CMSIS/system_stm32wbxx.o
 .debug_abbrev  0x0000000000001786      0x321 Drivers/STM32WBxx_HAL_Driver/stm32wbxx_hal.o
 .debug_abbrev  0x0000000000001aa7      0x333 Drivers/STM32WBxx_HAL_Driver/stm32wbxx_hal_cortex.o
 .debug_abbrev  0x0000000000001dda      0x201 Drivers/STM32WBxx_HAL_Driver/stm32wbxx_hal_dma.o
 .debug_abbrev  0x0000000000001fdb      0x1ff Drivers/STM32WBxx_HAL_Driver/stm32wbxx_hal_gpio.o
 .debug_abbrev  0x00000000000021da      0x29e Drivers/STM32WBxx_HAL_Driver/stm32wbxx_hal_pcd.o
 .debug_abbrev  0x0000000000002478      0x219 Drivers/STM32WBxx_HAL_Driver/stm32wbxx_hal_pcd_ex.o
 .debug_abbrev  0x0000000000002691      0x1dd Drivers/STM32WBxx_HAL_Driver/stm32wbxx_hal_pwr.o
 .debug_abbrev  0x000000000000286e      0x314 Drivers/STM32WBxx_HAL_Driver/stm32wbxx_hal_pwr_ex.o
 .debug_abbrev  0x0000000000002b82      0x29a Drivers/STM32WBxx_HAL_Driver/stm32wbxx_hal_rcc.o
 .debug_abbrev  0x0000000000002e1c      0x319 Drivers/STM32WBxx_HAL_Driver/stm32wbxx_hal_rcc_ex.o
 .debug_abbrev  0x0000000000003135      0x25e Drivers/STM32WBxx_HAL_Driver/stm32wbxx_hal_tim.o
 .debug_abbrev  0x0000000000003393      0x266 Drivers/STM32WBxx_HAL_Driver/stm32wbxx_hal_tim_ex.o
 .debug_abbrev  0x00000000000035f9      0x2fe Drivers/STM32WBxx_HAL_Driver/stm32wbxx_hal_uart.o
 .debug_abbrev  0x00000000000038f7      0x2a2 Drivers/STM32WBxx_HAL_Driver/stm32wbxx_hal_uart_ex.o
 .debug_abbrev  0x0000000000003b99      0x25c Drivers/STM32WBxx_HAL_Driver/stm32wbxx_ll_usb.o
 .debug_abbrev  0x0000000000003df5      0x2ed Middlewares/USB_Device_Library/usbd_cdc.o
 .debug_abbrev  0x00000000000040e2      0x2b7 Middlewares/USB_Device_Library/usbd_core.o
 .debug_abbrev  0x0000000000004399      0x2fc Middlewares/USB_Device_Library/usbd_ctlreq.o
 .debug_abbrev  0x0000000000004695      0x22a Middlewares/USB_Device_Library/usbd_ioreq.o

.debug_aranges  0x0000000000000000     0x1ee0
 .debug_aranges
                0x0000000000000000       0x48 Application/User/Core/main.o
 .debug_aranges
                0x0000000000000048       0x68 Application/User/Core/stm32wbxx_hal_msp.o
 .debug_aranges
                0x00000000000000b0       0x80 Application/User/Core/stm32wbxx_it.o
 .debug_aranges
                0x0000000000000130       0x30 Application/User/Startup/startup_stm32wb55rgvx.o
 .debug_aranges
                0x0000000000000160       0x30 Application/User/USB_Device/App/usb_device.o
 .debug_aranges
                0x0000000000000190       0x78 Application/User/USB_Device/App/usbd_cdc_if.o
 .debug_aranges
                0x0000000000000208       0x60 Application/User/USB_Device/App/usbd_desc.o
 .debug_aranges
                0x0000000000000268      0x138 Application/User/USB_Device/Target/usbd_conf.o
 .debug_aranges
                0x00000000000003a0       0x68 Drivers/BSP/P-NUCLEO-WB55-Nucleo/stm32wbxx_nucleo.o
 .debug_aranges
                0x0000000000000408       0x28 Drivers/CMSIS/system_stm32wbxx.o
 .debug_aranges
                0x0000000000000430      0x280 Drivers/STM32WBxx_HAL_Driver/stm32wbxx_hal.o
 .debug_aranges
                0x00000000000006b0      0x108 Drivers/STM32WBxx_HAL_Driver/stm32wbxx_hal_cortex.o
 .debug_aranges
                0x00000000000007b8       0x90 Drivers/STM32WBxx_HAL_Driver/stm32wbxx_hal_dma.o
 .debug_aranges
                0x0000000000000848       0x58 Drivers/STM32WBxx_HAL_Driver/stm32wbxx_hal_gpio.o
 .debug_aranges
                0x00000000000008a0      0x130 Drivers/STM32WBxx_HAL_Driver/stm32wbxx_hal_pcd.o
 .debug_aranges
                0x00000000000009d0       0x58 Drivers/STM32WBxx_HAL_Driver/stm32wbxx_hal_pcd_ex.o
 .debug_aranges
                0x0000000000000a28       0xd0 Drivers/STM32WBxx_HAL_Driver/stm32wbxx_hal_pwr.o
 .debug_aranges
                0x0000000000000af8      0x288 Drivers/STM32WBxx_HAL_Driver/stm32wbxx_hal_pwr_ex.o
 .debug_aranges
                0x0000000000000d80      0x290 Drivers/STM32WBxx_HAL_Driver/stm32wbxx_hal_rcc.o
 .debug_aranges
                0x0000000000001010      0x390 Drivers/STM32WBxx_HAL_Driver/stm32wbxx_hal_rcc_ex.o
 .debug_aranges
                0x00000000000013a0      0x3e0 Drivers/STM32WBxx_HAL_Driver/stm32wbxx_hal_tim.o
 .debug_aranges
                0x0000000000001780      0x190 Drivers/STM32WBxx_HAL_Driver/stm32wbxx_hal_tim_ex.o
 .debug_aranges
                0x0000000000001910      0x258 Drivers/STM32WBxx_HAL_Driver/stm32wbxx_hal_uart.o
 .debug_aranges
                0x0000000000001b68       0xa0 Drivers/STM32WBxx_HAL_Driver/stm32wbxx_hal_uart_ex.o
 .debug_aranges
                0x0000000000001c08       0xb0 Drivers/STM32WBxx_HAL_Driver/stm32wbxx_ll_usb.o
 .debug_aranges
                0x0000000000001cb8       0x90 Middlewares/USB_Device_Library/usbd_cdc.o
 .debug_aranges
                0x0000000000001d48       0xb8 Middlewares/USB_Device_Library/usbd_core.o
 .debug_aranges
                0x0000000000001e00       0x90 Middlewares/USB_Device_Library/usbd_ctlreq.o
 .debug_aranges
                0x0000000000001e90       0x50 Middlewares/USB_Device_Library/usbd_ioreq.o

.debug_ranges   0x0000000000000000     0x1d48
 .debug_ranges  0x0000000000000000       0x38 Application/User/Core/main.o
 .debug_ranges  0x0000000000000038       0x58 Application/User/Core/stm32wbxx_hal_msp.o
 .debug_ranges  0x0000000000000090       0x70 Application/User/Core/stm32wbxx_it.o
 .debug_ranges  0x0000000000000100       0x28 Application/User/Startup/startup_stm32wb55rgvx.o
 .debug_ranges  0x0000000000000128       0x20 Application/User/USB_Device/App/usb_device.o
 .debug_ranges  0x0000000000000148       0x68 Application/User/USB_Device/App/usbd_cdc_if.o
 .debug_ranges  0x00000000000001b0       0x50 Application/User/USB_Device/App/usbd_desc.o
 .debug_ranges  0x0000000000000200      0x128 Application/User/USB_Device/Target/usbd_conf.o
 .debug_ranges  0x0000000000000328       0x58 Drivers/BSP/P-NUCLEO-WB55-Nucleo/stm32wbxx_nucleo.o
 .debug_ranges  0x0000000000000380       0x18 Drivers/CMSIS/system_stm32wbxx.o
 .debug_ranges  0x0000000000000398      0x270 Drivers/STM32WBxx_HAL_Driver/stm32wbxx_hal.o
 .debug_ranges  0x0000000000000608       0xf8 Drivers/STM32WBxx_HAL_Driver/stm32wbxx_hal_cortex.o
 .debug_ranges  0x0000000000000700       0x80 Drivers/STM32WBxx_HAL_Driver/stm32wbxx_hal_dma.o
 .debug_ranges  0x0000000000000780       0x48 Drivers/STM32WBxx_HAL_Driver/stm32wbxx_hal_gpio.o
 .debug_ranges  0x00000000000007c8      0x120 Drivers/STM32WBxx_HAL_Driver/stm32wbxx_hal_pcd.o
 .debug_ranges  0x00000000000008e8       0x48 Drivers/STM32WBxx_HAL_Driver/stm32wbxx_hal_pcd_ex.o
 .debug_ranges  0x0000000000000930       0xc0 Drivers/STM32WBxx_HAL_Driver/stm32wbxx_hal_pwr.o
 .debug_ranges  0x00000000000009f0      0x278 Drivers/STM32WBxx_HAL_Driver/stm32wbxx_hal_pwr_ex.o
 .debug_ranges  0x0000000000000c68      0x280 Drivers/STM32WBxx_HAL_Driver/stm32wbxx_hal_rcc.o
 .debug_ranges  0x0000000000000ee8      0x380 Drivers/STM32WBxx_HAL_Driver/stm32wbxx_hal_rcc_ex.o
 .debug_ranges  0x0000000000001268      0x3d0 Drivers/STM32WBxx_HAL_Driver/stm32wbxx_hal_tim.o
 .debug_ranges  0x0000000000001638      0x180 Drivers/STM32WBxx_HAL_Driver/stm32wbxx_hal_tim_ex.o
 .debug_ranges  0x00000000000017b8      0x278 Drivers/STM32WBxx_HAL_Driver/stm32wbxx_hal_uart.o
 .debug_ranges  0x0000000000001a30       0x90 Drivers/STM32WBxx_HAL_Driver/stm32wbxx_hal_uart_ex.o
 .debug_ranges  0x0000000000001ac0       0xa0 Drivers/STM32WBxx_HAL_Driver/stm32wbxx_ll_usb.o
 .debug_ranges  0x0000000000001b60       0x80 Middlewares/USB_Device_Library/usbd_cdc.o
 .debug_ranges  0x0000000000001be0       0xa8 Middlewares/USB_Device_Library/usbd_core.o
 .debug_ranges  0x0000000000001c88       0x80 Middlewares/USB_Device_Library/usbd_ctlreq.o
 .debug_ranges  0x0000000000001d08       0x40 Middlewares/USB_Device_Library/usbd_ioreq.o

.debug_macro    0x0000000000000000    0x26814
 .debug_macro   0x0000000000000000      0x48e Application/User/Core/main.o
 .debug_macro   0x000000000000048e      0xaa8 Application/User/Core/main.o
 .debug_macro   0x0000000000000f36      0x136 Application/User/Core/main.o
 .debug_macro   0x000000000000106c       0x2e Application/User/Core/main.o
 .debug_macro   0x000000000000109a       0x2e Application/User/Core/main.o
 .debug_macro   0x00000000000010c8       0x22 Application/User/Core/main.o
 .debug_macro   0x00000000000010ea       0x8e Application/User/Core/main.o
 .debug_macro   0x0000000000001178       0x51 Application/User/Core/main.o
 .debug_macro   0x00000000000011c9      0x103 Application/User/Core/main.o
 .debug_macro   0x00000000000012cc       0x6a Application/User/Core/main.o
 .debug_macro   0x0000000000001336      0x1df Application/User/Core/main.o
 .debug_macro   0x0000000000001515       0x1c Application/User/Core/main.o
 .debug_macro   0x0000000000001531       0x22 Application/User/Core/main.o
 .debug_macro   0x0000000000001553      0x101 Application/User/Core/main.o
 .debug_macro   0x0000000000001654     0x1011 Application/User/Core/main.o
 .debug_macro   0x0000000000002665      0x11f Application/User/Core/main.o
 .debug_macro   0x0000000000002784    0x12ae9 Application/User/Core/main.o
 .debug_macro   0x000000000001526d       0x6c Application/User/Core/main.o
 .debug_macro   0x00000000000152d9     0x34ba Application/User/Core/main.o
 .debug_macro   0x0000000000018793      0x174 Application/User/Core/main.o
 .debug_macro   0x0000000000018907       0x5c Application/User/Core/main.o
 .debug_macro   0x0000000000018963      0x3f5 Application/User/Core/main.o
 .debug_macro   0x0000000000018d58      0x286 Application/User/Core/main.o
 .debug_macro   0x0000000000018fde      0x30d Application/User/Core/main.o
 .debug_macro   0x00000000000192eb      0x17e Application/User/Core/main.o
 .debug_macro   0x0000000000019469       0x43 Application/User/Core/main.o
 .debug_macro   0x00000000000194ac      0x236 Application/User/Core/main.o
 .debug_macro   0x00000000000196e2      0x24a Application/User/Core/main.o
 .debug_macro   0x000000000001992c      0x57b Application/User/Core/main.o
 .debug_macro   0x0000000000019ea7       0x2e Application/User/Core/main.o
 .debug_macro   0x0000000000019ed5      0x100 Application/User/Core/main.o
 .debug_macro   0x0000000000019fd5      0x1b3 Application/User/Core/main.o
 .debug_macro   0x000000000001a188      0x1cd Application/User/Core/main.o
 .debug_macro   0x000000000001a355       0x6c Application/User/Core/main.o
 .debug_macro   0x000000000001a3c1      0x234 Application/User/Core/main.o
 .debug_macro   0x000000000001a5f5      0x381 Application/User/Core/main.o
 .debug_macro   0x000000000001a976      0x13d Application/User/Core/main.o